Product: MDK-ARM Professional 5.10
Component: ARM Compiler 5.04 update 1 (build 49)
Tool: armlink [5040049]

==============================================================================

Section Cross References

    startup_stm32f40_41xxx.o(STACK) refers (Special) to heapauxi.o(.text) for __use_two_region_memory
    startup_stm32f40_41xxx.o(HEAP) refers (Special) to heapauxi.o(.text) for __use_two_region_memory
    startup_stm32f40_41xxx.o(RESET) refers (Special) to heapauxi.o(.text) for __use_two_region_memory
    startup_stm32f40_41xxx.o(RESET) refers to startup_stm32f40_41xxx.o(STACK) for __initial_sp
    startup_stm32f40_41xxx.o(RESET) refers to startup_stm32f40_41xxx.o(.text) for Reset_Handler
    startup_stm32f40_41xxx.o(RESET) refers to i2s.o(i.DMA1_Stream3_IRQHandler) for DMA1_Stream3_IRQHandler
    startup_stm32f40_41xxx.o(RESET) refers to i2s.o(i.DMA1_Stream4_IRQHandler) for DMA1_Stream4_IRQHandler
    startup_stm32f40_41xxx.o(RESET) refers to usmart.o(i.TIM4_IRQHandler) for TIM4_IRQHandler
    startup_stm32f40_41xxx.o(RESET) refers to usart.o(i.USART1_IRQHandler) for USART1_IRQHandler
    startup_stm32f40_41xxx.o(RESET) refers to usbd_usr.o(i.OTG_FS_IRQHandler) for OTG_FS_IRQHandler
    startup_stm32f40_41xxx.o(.text) refers (Special) to heapauxi.o(.text) for __use_two_region_memory
    startup_stm32f40_41xxx.o(.text) refers to __main.o(!!!main) for __main
    startup_stm32f40_41xxx.o(.text) refers to startup_stm32f40_41xxx.o(HEAP) for Heap_Mem
    startup_stm32f40_41xxx.o(.text) refers to startup_stm32f40_41xxx.o(STACK) for Stack_Mem
    test.o(i.main) refers to sys.o(i.Stm32_Clock_Init) for Stm32_Clock_Init
    test.o(i.main) refers to delay.o(i.delay_init) for delay_init
    test.o(i.main) refers to usart.o(i.uart_init) for uart_init
    test.o(i.main) refers to led.o(i.LED_Init) for LED_Init
    test.o(i.main) refers to ili93xx.o(i.LCD_Init) for LCD_Init
    test.o(i.main) refers to key.o(i.KEY_Init) for KEY_Init
    test.o(i.main) refers to wm8978.o(i.WM8978_Init) for WM8978_Init
    test.o(i.main) refers to wm8978.o(i.WM8978_ADDA_Cfg) for WM8978_ADDA_Cfg
    test.o(i.main) refers to wm8978.o(i.WM8978_Input_Cfg) for WM8978_Input_Cfg
    test.o(i.main) refers to wm8978.o(i.WM8978_MIC_Gain) for WM8978_MIC_Gain
    test.o(i.main) refers to wm8978.o(i.WM8978_Output_Cfg) for WM8978_Output_Cfg
    test.o(i.main) refers to malloc.o(i.my_mem_init) for my_mem_init
    test.o(i.main) refers to ili93xx.o(i.LCD_ShowString) for LCD_ShowString
    test.o(i.main) refers to ili93xx.o(i.LCD_ShowxNum) for LCD_ShowxNum
    test.o(i.main) refers to usbd_core.o(i.USBD_Init) for USBD_Init
    test.o(i.main) refers to key.o(i.KEY_Scan) for KEY_Scan
    test.o(i.main) refers to stm324xg_usb_audio_codec.o(i.EVAL_AUDIO_VolumeCtl) for EVAL_AUDIO_VolumeCtl
    test.o(i.main) refers to delay.o(i.delay_ms) for delay_ms
    test.o(i.main) refers to usmart_config.o(.data) for usmart_dev
    test.o(i.main) refers to ili93xx.o(.data) for POINT_COLOR
    test.o(i.main) refers to usbd_usr.o(.data) for USR_cb
    test.o(i.main) refers to usbd_audio_core.o(.data) for AUDIO_cb
    test.o(i.main) refers to usbd_desc.o(.data) for USR_desc
    test.o(i.main) refers to test.o(.bss) for USB_OTG_dev
    test.o(i.main) refers to stm324xg_usb_audio_codec.o(.data) for volume
    delay.o(i.delay_init) refers to delay.o(.data) for fac_us
    delay.o(i.delay_ms) refers to delay.o(i.delay_xms) for delay_xms
    delay.o(i.delay_us) refers to delay.o(.data) for fac_us
    delay.o(i.delay_xms) refers to delay.o(.data) for fac_ms
    sys.o(i.MY_NVIC_Init) refers to sys.o(i.MY_NVIC_PriorityGroupConfig) for MY_NVIC_PriorityGroupConfig
    sys.o(i.Stm32_Clock_Init) refers to sys.o(i.Sys_Clock_Set) for Sys_Clock_Set
    sys.o(i.Stm32_Clock_Init) refers to sys.o(i.MY_NVIC_SetVectorTable) for MY_NVIC_SetVectorTable
    sys.o(i.Sys_Standby) refers to sys.o(.emb_text) for WFI_SET
    usart.o(.rev16_text) refers (Special) to use_no_semi_2.o(.text) for __use_no_semihosting
    usart.o(.revsh_text) refers (Special) to use_no_semi_2.o(.text) for __use_no_semihosting
    usart.o(i.USART1_IRQHandler) refers (Special) to use_no_semi_2.o(.text) for __use_no_semihosting
    usart.o(i.USART1_IRQHandler) refers to usart.o(.data) for USART_RX_STA
    usart.o(i.USART1_IRQHandler) refers to usart.o(.bss) for USART_RX_BUF
    usart.o(i._sys_exit) refers (Special) to use_no_semi_2.o(.text) for __use_no_semihosting
    usart.o(i.fputc) refers (Special) to use_no_semi_2.o(.text) for __use_no_semihosting
    usart.o(i.uart_init) refers (Special) to use_no_semi_2.o(.text) for __use_no_semihosting
    usart.o(i.uart_init) refers to sys.o(i.GPIO_Set) for GPIO_Set
    usart.o(i.uart_init) refers to sys.o(i.GPIO_AF_Set) for GPIO_AF_Set
    usart.o(i.uart_init) refers to sys.o(i.MY_NVIC_Init) for MY_NVIC_Init
    usart.o(.bss) refers (Special) to use_no_semi_2.o(.text) for __use_no_semihosting
[...]
    .conststring                             0x0800bd74   Section      464  usmart_config.o(.conststring)
    .ARM.__AT_0x10000000                     0x10000000   Section    61440  malloc.o(.ARM.__AT_0x10000000)
    .ARM.__AT_0x1000F000                     0x1000f000   Section     3840  malloc.o(.ARM.__AT_0x1000F000)
    .data                                    0x20000000   Section        4  delay.o(.data)
    fac_us                                   0x20000000   Data           1  delay.o(.data)
    fac_ms                                   0x20000002   Data           2  delay.o(.data)
    .data                                    0x20000004   Section        6  usart.o(.data)
    .data                                    0x2000000a   Section        4  ili93xx.o(.data)
    .data                                    0x2000000e   Section        1  key.o(.data)
    key_up                                   0x2000000e   Data           1  key.o(.data)
    .data                                    0x20000010   Section        8  i2s.o(.data)
    .data                                    0x20000018   Section      116  wm8978.o(.data)
    WM8978_REGVAL_TBL                        0x20000018   Data         116  wm8978.o(.data)
    .data                                    0x2000008c   Section       36  malloc.o(.data)
    .data                                    0x200000b0   Section       28  usmart.o(.data)
    .data                                    0x200000cc   Section      348  usmart_config.o(.data)
    .data                                    0x20000228   Section       52  usbd_core.o(.data)
    .data                                    0x2000025c   Section       13  usbd_req.o(.data)
    cfgidx                                   0x20000268   Data           1  usbd_req.o(.data)
    .data                                    0x2000026c   Section      181  usbd_audio_core.o(.data)
    PlayFlag                                 0x20000280   Data           4  usbd_audio_core.o(.data)
    usbd_audio_AltSet                        0x20000284   Data           4  usbd_audio_core.o(.data)
    usbd_audio_CfgDesc                       0x200002b4   Data         109  usbd_audio_core.o(.data)
    .data                                    0x20000324   Section       36  usbd_audio_out_if.o(.data)
    AudioState                               0x20000340   Data           1  usbd_audio_out_if.o(.data)
    Initialized                              0x20000344   Data           4  usbd_audio_out_if.o(.data)
    .data                                    0x20000348   Section       60  usbd_desc.o(.data)
    .data                                    0x20000384   Section       32  usbd_usr.o(.data)
    .data                                    0x200003a4   Section        5  stm324xg_usb_audio_codec.o(.data)
    .bss                                     0x200003ac   Section     1524  test.o(.bss)
    .bss                                     0x200009a0   Section      200  usart.o(.bss)
    .bss                                     0x20000a68   Section       14  ili93xx.o(.bss)
    .bss                                     0x20000a80   Section    119680  malloc.o(.bss)
    .bss                                     0x2001de00   Section      200  usbd_req.o(.bss)
    .bss                                     0x2001dec8   Section     1600  usbd_audio_core.o(.bss)
    .bss                                     0x2001e508   Section      800  stm324xg_usb_audio_codec.o(.bss)
    .bss                                     0x2001e828   Section       96  libspace.o(.bss)
    HEAP                                     0x2001e888   Section        0  startup_stm32f40_41xxx.o(HEAP)
    STACK                                    0x2001e888   Section     1024  startup_stm32f40_41xxx.o(STACK)
    Heap_Mem                                 0x2001e888   Data           0  startup_stm32f40_41xxx.o(HEAP)
    Stack_Mem                                0x2001e888   Data        1024  startup_stm32f40_41xxx.o(STACK)
    __initial_sp                             0x2001ec88   Data           0  startup_stm32f40_41xxx.o(STACK)
    .ARM.__AT_0x68000000                     0x68000000   Section    983040  malloc.o(.ARM.__AT_0x68000000)
    .ARM.__AT_0x680F0000                     0x680f0000   Section    61440  malloc.o(.ARM.__AT_0x680F0000)

    Global Symbols

    Symbol Name                              Value     Ov Type        Size  Object(Section)

    BuildAttributes$$THM_ISAv4$E$P$D$K$B$S$7EM$VFPi3$EXTD16$VFPS$VFMA$PE$A:L22UL41UL21$X:L11$S22US41US21$IEEE1$IW$USESV6$~STKCKD$USESV7$~SHL$OSPACE$ROPI$EBA8$UX$STANDARDLIB$REQ8$PRES8$EABIv2 0x00000000   Number         0  anon$$obj.o ABSOLUTE
    __ARM_use_no_argv                        0x00000000   Number         0  test.o ABSOLUTE
    _printf_flags                            0x00000000   Number         0  printf_stubs.o ABSOLUTE
    _printf_return_value                     0x00000000   Number         0  printf_stubs.o ABSOLUTE
    _printf_sizespec                         0x00000000   Number         0  printf_stubs.o ABSOLUTE
    _printf_widthprec                        0x00000000   Number         0  printf_stubs.o ABSOLUTE
    __ARM_exceptions_init                     - Undefined Weak Reference
    __alloca_initialize                       - Undefined Weak Reference
    __cpp_initialize__aeabi_                  - Undefined Weak Reference
    __cxa_finalize                            - Undefined Weak Reference
    __rt_locale                               - Undefined Weak Reference
    __sigvec_lookup                           - Undefined Weak Reference
    _atexit_init                              - Undefined Weak Reference
    _call_atexit_fns                          - Undefined Weak Reference
    _clock_init                               - Undefined Weak Reference
    _fp_trap_init                             - Undefined Weak Reference
    _fp_trap_shutdown                         - Undefined Weak Reference
    _get_lc_collate                           - Undefined Weak Reference
    _get_lc_ctype                             - Undefined Weak Reference
    _get_lc_monetary                          - Undefined Weak Reference
    _get_lc_numeric                           - Undefined Weak Reference
    _get_lc_time                              - Undefined Weak Reference
    _getenv_init                              - Undefined Weak Reference
    _handle_redirection                       - Undefined Weak Reference
    _init_alloc                               - Undefined Weak Reference
    _init_user_alloc                          - Undefined Weak Reference
    _initio                                   - Undefined Weak Reference
    _mutex_acquire                            - Undefined Weak Reference
    _mutex_release                            - Undefined Weak Reference
    _printf_mbtowc                            - Undefined Weak Reference
    _printf_truncate_signed                   - Undefined Weak Reference
    _printf_truncate_unsigned                 - Undefined Weak Reference
    _rand_init                                - Undefined Weak Reference
    _signal_finish                            - Undefined Weak Reference
    _signal_init                              - Undefined Weak Reference
    _terminate_alloc                          - Undefined Weak Reference
    _terminate_user_alloc                     - Undefined Weak Reference
    _terminateio                              - Undefined Weak Reference
    __Vectors_Size                           0x00000188   Number         0  startup_stm32f40_41xxx.o ABSOLUTE
    __Vectors                                0x08000000   Data           4  startup_stm32f40_41xxx.o(RESET)
    __Vectors_End                            0x08000188   Data           0  startup_stm32f40_41xxx.o(RESET)
    __main                                   0x08000189   Thumb Code     8  __main.o(!!!main)
    __scatterload                            0x08000191   Thumb Code     0  __scatter.o(!!!scatter)
    __scatterload_rt2                        0x08000191   Thumb Code    44  __scatter.o(!!!scatter)
    __scatterload_rt2_thumb_only             0x08000191   Thumb Code     0  __scatter.o(!!!scatter)
    __scatterload_null                       0x0800019f   Thumb Code     0  __scatter.o(!!!scatter)
    __decompress                             0x080001c5   Thumb Code    90  __dczerorl2.o(!!dczerorl2)
    __decompress1                            0x080001c5   Thumb Code     0  __dczerorl2.o(!!dczerorl2)
    __scatterload_zeroinit                   0x08000221   Thumb Code    28  __scatter_zi.o(!!handler_zi)
    _printf_d                                0x0800023d   Thumb Code     0  _printf_d.o(.ARM.Collect$$_printf_percent$$00000009)
    _printf_percent                          0x0800023d   Thumb Code     0  _printf_percent.o(.ARM.Collect$$_printf_percent$$00000000)
    _printf_u                                0x08000243   Thumb Code     0  _printf_u.o(.ARM.Collect$$_printf_percent$$0000000A)
    _printf_x                                0x08000249   Thumb Code     0  _printf_x.o(.ARM.Collect$$_printf_percent$$0000000C)
    _printf_c                                0x0800024f   Thumb Code     0  _printf_c.o(.ARM.Collect$$_printf_percent$$00000013)
    _printf_s                                0x08000255   Thumb Code     0  _printf_s.o(.ARM.Collect$$_printf_percent$$00000014)
    _printf_percent_end                      0x0800025b   Thumb Code     0  _printf_percent_end.o(.ARM.Collect$$_printf_percent$$00000017)
    __rt_lib_init                            0x0800025f   Thumb Code     0  libinit.o(.ARM.Collect$$libinit$$00000000)
    __rt_lib_init_fp_1                       0x08000261   Thumb Code     0  libinit2.o(.ARM.Collect$$libinit$$00000001)
    __rt_lib_init_alloca_1                   0x08000265   Thumb Code     0  libinit2.o(.ARM.Collect$$libinit$$0000002C)
    __rt_lib_init_argv_1                     0x08000265   Thumb Code     0  libinit2.o(.ARM.Collect$$libinit$$0000002A)
    __rt_lib_init_atexit_1                   0x08000265   Thumb Code     0  libinit2.o(.ARM.Collect$$libinit$$00000019)
    __rt_lib_init_clock_1                    0x08000265   Thumb Code     0  libinit2.o(.ARM.Collect$$libinit$$0000001F)
    __rt_lib_init_cpp_1                      0x08000265   Thumb Code     0  libinit2.o(.ARM.Collect$$libinit$$00000030)
    __rt_lib_init_exceptions_1               0x08000265   Thumb Code     0  libinit2.o(.ARM.Collect$$libinit$$0000002E)
    __rt_lib_init_fp_trap_1                  0x08000265   Thumb Code     0  libinit2.o(.ARM.Collect$$libinit$$0000001D)
    __rt_lib_init_getenv_1                   0x08000265   Thumb Code     0  libinit2.o(.ARM.Collect$$libinit$$00000021)
    __rt_lib_init_heap_1                     0x08000265   Thumb Code     0  libinit2.o(.ARM.Collect$$libinit$$00000008)
    __rt_lib_init_lc_collate_1               0x08000265   Thumb Code     0  libinit2.o(.ARM.Collect$$libinit$$0000000F)
    __rt_lib_init_lc_ctype_1                 0x08000265   Thumb Code     0  libinit2.o(.ARM.Collect$$libinit$$00000011)
    __rt_lib_init_lc_monetary_1              0x08000265   Thumb Code     0  libinit2.o(.ARM.Collect$$libinit$$00000013)
    __rt_lib_init_lc_numeric_1               0x08000265   Thumb Code     0  libinit2.o(.ARM.Collect$$libinit$$00000015)
    __rt_lib_init_lc_time_1                  0x08000265   Thumb Code     0  libinit2.o(.ARM.Collect$$libinit$$00000017)
    __rt_lib_init_rand_1                     0x08000265   Thumb Code     0  libinit2.o(.ARM.Collect$$libinit$$0000000C)
    __rt_lib_init_return                     0x08000265   Thumb Code     0  libinit2.o(.ARM.Collect$$libinit$$00000031)
    __rt_lib_init_signal_1                   0x08000265   Thumb Code     0  libinit2.o(.ARM.Collect$$libinit$$0000001B)
    __rt_lib_init_stdio_1                    0x08000265   Thumb Code     0  libinit2.o(.ARM.Collect$$libinit$$00000023)
    __rt_lib_init_user_alloc_1               0x08000265   Thumb Code     0  libinit2.o(.ARM.Collect$$libinit$$0000000A)
    __rt_lib_shutdown                        0x08000267   Thumb Code     0  libshutdown.o(.ARM.Collect$$libshutdown$$00000000)
    __rt_lib_shutdown_fp_trap_1              0x08000269   Thumb Code     0  libshutdown2.o(.ARM.Collect$$libshutdown$$00000006)
    __rt_lib_shutdown_heap_1                 0x08000269   Thumb Code     0  libshutdown2.o(.ARM.Collect$$libshutdown$$0000000E)
    __rt_lib_shutdown_return                 0x08000269   Thumb Code     0  libshutdown2.o(.ARM.Collect$$libshutdown$$0000000F)
    __rt_lib_shutdown_signal_1               0x08000269   Thumb Code     0  libshutdown2.o(.ARM.Collect$$libshutdown$$00000009)
    __rt_lib_shutdown_stdio_1                0x08000269   Thumb Code     0  libshutdown2.o(.ARM.Collect$$libshutdown$$00000003)
    __rt_lib_shutdown_user_alloc_1           0x08000269   Thumb Code     0  libshutdown2.o(.ARM.Collect$$libshutdown$$0000000B)
    __rt_entry                               0x0800026b   Thumb Code     0  rtentry.o(.ARM.Collect$$rtentry$$00000000)
    __rt_entry_presh_1                       0x0800026b   Thumb Code     0  rtentry2.o(.ARM.Collect$$rtentry$$00000002)
    __rt_entry_sh                            0x0800026b   Thumb Code     0  rtentry4.o(.ARM.Collect$$rtentry$$00000004)
    __rt_entry_li                            0x08000271   Thumb Code     0  rtentry2.o(.ARM.Collect$$rtentry$$0000000A)
    __rt_entry_postsh_1                      0x08000271   Thumb Code     0  rtentry2.o(.ARM.Collect$$rtentry$$00000009)
    __rt_entry_main                          0x08000275   Thumb Code     0  rtentry2.o(.ARM.Collect$$rtentry$$0000000D)
    __rt_entry_postli_1                      0x08000275   Thumb Code     0  rtentry2.o(.ARM.Collect$$rtentry$$0000000C)
    __rt_exit                                0x0800027d   Thumb Code     0  rtexit.o(.ARM.Collect$$rtexit$$00000000)
    __rt_exit_ls                             0x0800027f   Thumb Code     0  rtexit2.o(.ARM.Collect$$rtexit$$00000003)
    __rt_exit_prels_1                        0x0800027f   Thumb Code     0  rtexit2.o(.ARM.Collect$$rtexit$$00000002)
    __rt_exit_exit                           0x08000283   Thumb Code     0  rtexit2.o(.ARM.Collect$$rtexit$$00000004)
    Reset_Handler                            0x08000289   Thumb Code    14  startup_stm32f40_41xxx.o(.text)
    NMI_Handler                              0x08000297   Thumb Code     2  startup_stm32f40_41xxx.o(.text)
    HardFault_Handler                        0x08000299   Thumb Code     2  startup_stm32f40_41xxx.o(.text)
    MemManage_Handler                        0x0800029b   Thumb Code     2  startup_stm32f40_41xxx.o(.text)
    BusFault_Handler                         0x0800029d   Thumb Code     2  startup_stm32f40_41xxx.o(.text)
    UsageFault_Handler                       0x0800029f   Thumb Code     2  startup_stm32f40_41xxx.o(.text)
    SVC_Handler                              0x080002a1   Thumb Code     2  startup_stm32f40_41xxx.o(.text)
    DebugMon_Handler                         0x080002a3   Thumb Code     2  startup_stm32f40_41xxx.o(.text)
    PendSV_Handler                           0x080002a5   Thumb Code     2  startup_stm32f40_41xxx.o(.text)
    SysTick_Handler                          0x080002a7   Thumb Code     2  startup_stm32f40_41xxx.o(.text)
    ADC_IRQHandler                           0x080002a9   Thumb Code     0  startup_stm32f40_41xxx.o(.text)
    CAN1_RX0_IRQHandler                      0x080002a9   Thumb Code     0  startup_stm32f40_41xxx.o(.text)
    CAN1_RX1_IRQHandler                      0x080002a9   Thumb Code     0  startup_stm32f40_41xxx.o(.text)
    CAN1_SCE_IRQHandler                      0x080002a9   Thumb Code     0  startup_stm32f40_41xxx.o(.text)
    CAN1_TX_IRQHandler                       0x080002a9   Thumb Code     0  startup_stm32f40_41xxx.o(.text)
    CAN2_RX0_IRQHandler                      0x080002a9   Thumb Code     0  startup_stm32f40_41xxx.o(.text)
    CAN2_RX1_IRQHandler                      0x080002a9   Thumb Code     0  startup_stm32f40_41xxx.o(.text)
    CAN2_SCE_IRQHandler                      0x080002a9   Thumb Code     0  startup_stm32f40_41xxx.o(.text)
    CAN2_TX_IRQHandler                       0x080002a9   Thumb Code     0  startup_stm32f40_41xxx.o(.text)
    CRYP_IRQHandler                          0x080002a9   Thumb Code     0  startup_stm32f40_41xxx.o(.text)
    DCMI_IRQHandler                          0x080002a9   Thumb Code     0  startup_stm32f40_41xxx.o(.text)
    DMA1_Stream0_IRQHandler                  0x080002a9   Thumb Code     0  startup_stm32f40_41xxx.o(.text)
    DMA1_Stream1_IRQHandler                  0x080002a9   Thumb Code     0  startup_stm32f40_41xxx.o(.text)
    DMA1_Stream2_IRQHandler                  0x080002a9   Thumb Code     0  startup_stm32f40_41xxx.o(.text)
    DMA1_Stream5_IRQHandler                  0x080002a9   Thumb Code     0  startup_stm32f40_41xxx.o(.text)
    DMA1_Stream6_IRQHandler                  0x080002a9   Thumb Code     0  startup_stm32f40_41xxx.o(.text)
    DMA1_Stream7_IRQHandler                  0x080002a9   Thumb Code     0  startup_stm32f40_41xxx.o(.text)
    DMA2_Stream0_IRQHandler                  0x080002a9   Thumb Code     0  startup_stm32f40_41xxx.o(.text)
    DMA2_Stream1_IRQHandler                  0x080002a9   Thumb Code     0  startup_stm32f40_41xxx.o(.text)
    DMA2_Stream2_IRQHandler                  0x080002a9   Thumb Code     0  startup_stm32f40_41xxx.o(.text)
    DMA2_Stream3_IRQHandler                  0x080002a9   Thumb Code     0  startup_stm32f40_41xxx.o(.text)
    DMA2_Stream4_IRQHandler                  0x080002a9   Thumb Code     0  startup_stm32f40_41xxx.o(.text)
    DMA2_Stream5_IRQHandler                  0x080002a9   Thumb Code     0  startup_stm32f40_41xxx.o(.text)
    DMA2_Stream6_IRQHandler                  0x080002a9   Thumb Code     0  startup_stm32f40_41xxx.o(.text)
    DMA2_Stream7_IRQHandler                  0x080002a9   Thumb Code     0  startup_stm32f40_41xxx.o(.text)
    ETH_IRQHandler                           0x080002a9   Thumb Code     0  startup_stm32f40_41xxx.o(.text)
    ETH_WKUP_IRQHandler                      0x080002a9   Thumb Code     0  startup_stm32f40_41xxx.o(.text)
    EXTI0_IRQHandler                         0x080002a9   Thumb Code     0  startup_stm32f40_41xxx.o(.text)
    EXTI15_10_IRQHandler                     0x080002a9   Thumb Code     0  startup_stm32f40_41xxx.o(.text)
    EXTI1_IRQHandler                         0x080002a9   Thumb Code     0  startup_stm32f40_41xxx.o(.text)
    EXTI2_IRQHandler                         0x080002a9   Thumb Code     0  startup_stm32f40_41xxx.o(.text)
    EXTI3_IRQHandler                         0x080002a9   Thumb Code     0  startup_stm32f40_41xxx.o(.text)
    EXTI4_IRQHandler                         0x080002a9   Thumb Code     0  startup_stm32f40_41xxx.o(.text)
    EXTI9_5_IRQHandler                       0x080002a9   Thumb Code     0  startup_stm32f40_41xxx.o(.text)
    FLASH_IRQHandler                         0x080002a9   Thumb Code     0  startup_stm32f40_41xxx.o(.text)
    FPU_IRQHandler                           0x080002a9   Thumb Code     0  startup_stm32f40_41xxx.o(.text)
    FSMC_IRQHandler                          0x080002a9   Thumb Code     0  startup_stm32f40_41xxx.o(.text)
    HASH_RNG_IRQHandler                      0x080002a9   Thumb Code     0  startup_stm32f40_41xxx.o(.text)
    I2C1_ER_IRQHandler                       0x080002a9   Thumb Code     0  startup_stm32f40_41xxx.o(.text)
    I2C1_EV_IRQHandler                       0x080002a9   Thumb Code     0  startup_stm32f40_41xxx.o(.text)
    I2C2_ER_IRQHandler                       0x080002a9   Thumb Code     0  startup_stm32f40_41xxx.o(.text)
    I2C2_EV_IRQHandler                       0x080002a9   Thumb Code     0  startup_stm32f40_41xxx.o(.text)
    I2C3_ER_IRQHandler                       0x080002a9   Thumb Code     0  startup_stm32f40_41xxx.o(.text)
    I2C3_EV_IRQHandler                       0x080002a9   Thumb Code     0  startup_stm32f40_41xxx.o(.text)
    OTG_FS_WKUP_IRQHandler                   0x080002a9   Thumb Code     0  startup_stm32f40_41xxx.o(.text)
    OTG_HS_EP1_IN_IRQHandler                 0x080002a9   Thumb Code     0  startup_stm32f40_41xxx.o(.text)
    OTG_HS_EP1_OUT_IRQHandler                0x080002a9   Thumb Code     0  startup_stm32f40_41xxx.o(.text)
    OTG_HS_IRQHandler                        0x080002a9   Thumb Code     0  startup_stm32f40_41xxx.o(.text)
    OTG_HS_WKUP_IRQHandler                   0x080002a9   Thumb Code     0  startup_stm32f40_41xxx.o(.text)
    PVD_IRQHandler                           0x080002a9   Thumb Code     0  startup_stm32f40_41xxx.o(.text)
    RCC_IRQHandler                           0x080002a9   Thumb Code     0  startup_stm32f40_41xxx.o(.text)
    RTC_Alarm_IRQHandler                     0x080002a9   Thumb Code     0  startup_stm32f40_41xxx.o(.text)
    RTC_WKUP_IRQHandler                      0x080002a9   Thumb Code     0  startup_stm32f40_41xxx.o(.text)
    SDIO_IRQHandler                          0x080002a9   Thumb Code     0  startup_stm32f40_41xxx.o(.text)
    SPI1_IRQHandler                          0x080002a9   Thumb Code     0  startup_stm32f40_41xxx.o(.text)
    SPI2_IRQHandler                          0x080002a9   Thumb Code     0  startup_stm32f40_41xxx.o(.text)
    SPI3_IRQHandler                          0x080002a9   Thumb Code     0  startup_stm32f40_41xxx.o(.text)
    TAMP_STAMP_IRQHandler                    0x080002a9   Thumb Code     0  startup_stm32f40_41xxx.o(.text)
    TIM1_BRK_TIM9_IRQHandler                 0x080002a9   Thumb Code     0  startup_stm32f40_41xxx.o(.text)
    TIM1_CC_IRQHandler                       0x080002a9   Thumb Code     0  startup_stm32f40_41xxx.o(.text)
    TIM1_TRG_COM_TIM11_IRQHandler            0x080002a9   Thumb Code     0  startup_stm32f40_41xxx.o(.text)
    TIM1_UP_TIM10_IRQHandler                 0x080002a9   Thumb Code     0  startup_stm32f40_41xxx.o(.text)
    TIM2_IRQHandler                          0x080002a9   Thumb Code     0  startup_stm32f40_41xxx.o(.text)
    TIM3_IRQHandler                          0x080002a9   Thumb Code     0  startup_stm32f40_41xxx.o(.text)
    TIM5_IRQHandler                          0x080002a9   Thumb Code     0  startup_stm32f40_41xxx.o(.text)
    TIM6_DAC_IRQHandler                      0x080002a9   Thumb Code     0  startup_stm32f40_41xxx.o(.text)
    TIM7_IRQHandler                          0x080002a9   Thumb Code     0  startup_stm32f40_41xxx.o(.text)
    TIM8_BRK_TIM12_IRQHandler                0x080002a9   Thumb Code     0  startup_stm32f40_41xxx.o(.text)
    TIM8_CC_IRQHandler                       0x080002a9   Thumb Code     0  startup_stm32f40_41xxx.o(.text)
    TIM8_TRG_COM_TIM14_IRQHandler            0x080002a9   Thumb Code     0  startup_stm32f40_41xxx.o(.text)
    TIM8_UP_TIM13_IRQHandler                 0x080002a9   Thumb Code     0  startup_stm32f40_41xxx.o(.text)
    UART4_IRQHandler                         0x080002a9   Thumb Code     0  startup_stm32f40_41xxx.o(.text)
    UART5_IRQHandler                         0x080002a9   Thumb Code     0  startup_stm32f40_41xxx.o(.text)
    USART2_IRQHandler                        0x080002a9   Thumb Code     0  startup_stm32f40_41xxx.o(.text)
    USART3_IRQHandler                        0x080002a9   Thumb Code     0  startup_stm32f40_41xxx.o(.text)
    USART6_IRQHandler                        0x080002a9   Thumb Code     0  startup_stm32f40_41xxx.o(.text)
    WWDG_IRQHandler                          0x080002a9   Thumb Code     0  startup_stm32f40_41xxx.o(.text)
    __user_initial_stackheap                 0x080002ad   Thumb Code     0  startup_stm32f40_41xxx.o(.text)
    __use_no_semihosting                     0x080002cd   Thumb Code     2  use_no_semi_2.o(.text)
    __2printf                                0x080002d1   Thumb Code    20  noretval__2printf.o(.text)
    _printf_pre_padding                      0x080002e9   Thumb Code    44  _printf_pad.o(.text)
    _printf_post_padding                     0x08000315   Thumb Code    34  _printf_pad.o(.text)
    _printf_str                              0x08000337   Thumb Code    82  _printf_str.o(.text)
    _printf_int_dec                          0x08000389   Thumb Code   100  _printf_dec.o(.text)
    _printf_int_hex                          0x080003fd   Thumb Code    84  _printf_hex_int.o(.text)
    _printf_longlong_hex                     0x080003fd   Thumb Code     0  _printf_hex_int.o(.text)
    __printf                                 0x08000455   Thumb Code   388  __printf_flags_ss_wp.o(.text)
    __use_two_region_memory                  0x080005dd   Thumb Code     2  heapauxi.o(.text)
    __rt_heap_escrow$2region                 0x080005df   Thumb Code     2  heapauxi.o(.text)
    __rt_heap_expand$2region                 0x080005e1   Thumb Code     2  heapauxi.o(.text)
    __I$use$semihosting                      0x080005e3   Thumb Code     0  use_no_semi.o(.text)
    __use_no_semihosting_swi                 0x080005e3   Thumb Code     2  use_no_semi.o(.text)
    _printf_int_common                       0x080005e5   Thumb Code   178  _printf_intcommon.o(.text)
    _printf_cs_common                        0x08000697   Thumb Code    20  _printf_char.o(.text)
    _printf_char                             0x080006ab   Thumb Code    16  _printf_char.o(.text)
    _printf_string                           0x080006bb   Thumb Code     8  _printf_char.o(.text)
    _printf_char_file                        0x080006c5   Thumb Code    32  _printf_char_file.o(.text)
    _printf_char_common                      0x080006f3   Thumb Code    32  _printf_char_common.o(.text)
    ferror                                   0x08000719   Thumb Code     8  ferror.o(.text)
    __user_setup_stackheap                   0x08000721   Thumb Code    74  sys_stackheap_outer.o(.text)
    exit                                     0x0800076b   Thumb Code    12  exit.o(.text)
    __user_libspace                          0x08000779   Thumb Code     8  libspace.o(.text)
    __user_perproc_libspace                  0x08000779   Thumb Code     0  libspace.o(.text)
    __user_perthread_libspace                0x08000779   Thumb Code     0  libspace.o(.text)
    Audio_MAL_Play                           0x080008b5   Thumb Code   108  stm324xg_usb_audio_codec.o(i.Audio_MAL_Play)
    DCD_EP_Close                             0x08000945   Thumb Code    74  usb_dcd.o(i.DCD_EP_Close)
    DCD_EP_ClrStall                          0x0800098f   Thumb Code    72  usb_dcd.o(i.DCD_EP_ClrStall)
    DCD_EP_Open                              0x080009d7   Thumb Code   104  usb_dcd.o(i.DCD_EP_Open)
    DCD_EP_PrepareRx                         0x08000a3f   Thumb Code    82  usb_dcd.o(i.DCD_EP_PrepareRx)
    DCD_EP_SetAddress                        0x08000a91   Thumb Code    28  usb_dcd.o(i.DCD_EP_SetAddress)
    DCD_EP_Stall                             0x08000aad   Thumb Code    72  usb_dcd.o(i.DCD_EP_Stall)
    DCD_EP_Tx                                0x08000af5   Thumb Code    78  usb_dcd.o(i.DCD_EP_Tx)
    DCD_Init                                 0x080010dd   Thumb Code   156  usb_dcd.o(i.DCD_Init)
    DMA1_Stream3_IRQHandler                  0x08001289   Thumb Code    32  i2s.o(i.DMA1_Stream3_IRQHandler)
    DMA1_Stream4_IRQHandler                  0x080012b1   Thumb Code    32  i2s.o(i.DMA1_Stream4_IRQHandler)
    EVAL_AUDIO_Init                          0x080012e9   Thumb Code   232  stm324xg_usb_audio_codec.o(i.EVAL_AUDIO_Init)
    EVAL_AUDIO_Mute                          0x08001411   Thumb Code   152  stm324xg_usb_audio_codec.o(i.EVAL_AUDIO_Mute)
    EVAL_AUDIO_PauseResume                   0x080014b5   Thumb Code    86  stm324xg_usb_audio_codec.o(i.EVAL_AUDIO_PauseResume)
    EVAL_AUDIO_Stop                          0x08001519   Thumb Code    20  stm324xg_usb_audio_codec.o(i.EVAL_AUDIO_Stop)
    EVAL_AUDIO_VolumeCtl                     0x08001549   Thumb Code   134  stm324xg_usb_audio_codec.o(i.EVAL_AUDIO_VolumeCtl)
    GPIO_AF_Set                              0x080015dd   Thumb Code    64  sys.o(i.GPIO_AF_Set)
    GPIO_Set                                 0x0800161d   Thumb Code   222  sys.o(i.GPIO_Set)
    I2S2_Init                                0x08001709   Thumb Code   162  i2s.o(i.I2S2_Init)
    I2S2_SampleRate_Set                      0x080017b5   Thumb Code   164  i2s.o(i.I2S2_SampleRate_Set)
    I2S2_TX_DMA_Init                         0x08001865   Thumb Code   220  i2s.o(i.I2S2_TX_DMA_Init)
    I2S2ext_Init                             0x0800194d   Thumb Code   124  i2s.o(i.I2S2ext_Init)
    I2S2ext_RX_DMA_Init                      0x080019cd   Thumb Code   204  i2s.o(i.I2S2ext_RX_DMA_Init)
    I2S_Play_Start                           0x08001aa5   Thumb Code    14  i2s.o(i.I2S_Play_Start)
    I2S_Play_Stop                            0x08001ab9   Thumb Code    14  i2s.o(i.I2S_Play_Stop)
    I2S_Rec_Start                            0x08001acd   Thumb Code    14  i2s.o(i.I2S_Rec_Start)
    IIC_Init                                 0x08001ae1   Thumb Code    50  myiic.o(i.IIC_Init)
    IIC_Send_Byte                            0x08001b25   Thumb Code    90  myiic.o(i.IIC_Send_Byte)
    IIC_Start                                0x08001b8d   Thumb Code    64  myiic.o(i.IIC_Start)
    IIC_Stop                                 0x08001bd9   Thumb Code    62  myiic.o(i.IIC_Stop)
    IIC_Wait_Ack                             0x08001c25   Thumb Code    82  myiic.o(i.IIC_Wait_Ack)
    KEY_Init                                 0x08001cc1   Thumb Code    66  key.o(i.KEY_Init)
    KEY_Scan                                 0x08001d11   Thumb Code   150  key.o(i.KEY_Scan)
    LCD_Clear                                0x08001db5   Thumb Code   100  ili93xx.o(i.LCD_Clear)
    LCD_Display_Dir                          0x08001e21   Thumb Code   444  ili93xx.o(i.LCD_Display_Dir)
    LCD_Fast_DrawPoint                       0x08001fe1   Thumb Code   374  ili93xx.o(i.LCD_Fast_DrawPoint)
    LCD_Init                                 0x08002161   Thumb Code 14634  ili93xx.o(i.LCD_Init)
    LCD_Pow                                  0x08005a95   Thumb Code    22  ili93xx.o(i.LCD_Pow)
    LCD_RD_DATA                              0x08005aad   Thumb Code    14  ili93xx.o(i.LCD_RD_DATA)
    LCD_ReadReg                              0x08005ac1   Thumb Code    22  ili93xx.o(i.LCD_ReadReg)
    LCD_SSD_BackLightSet                     0x08005ad9   Thumb Code    88  ili93xx.o(i.LCD_SSD_BackLightSet)
    LCD_Scan_Dir                             0x08005b39   Thumb Code   744  ili93xx.o(i.LCD_Scan_Dir)
    LCD_SetCursor                            0x08005e25   Thumb Code   418  ili93xx.o(i.LCD_SetCursor)
    LCD_ShowChar                             0x08005fcd   Thumb Code   272  ili93xx.o(i.LCD_ShowChar)
    LCD_ShowString                           0x080060f5   Thumb Code   102  ili93xx.o(i.LCD_ShowString)
    LCD_ShowxNum                             0x0800615b   Thumb Code   190  ili93xx.o(i.LCD_ShowxNum)
    LCD_WR_DATA                              0x08006219   Thumb Code    18  ili93xx.o(i.LCD_WR_DATA)
    LCD_WR_REG                               0x08006231   Thumb Code    18  ili93xx.o(i.LCD_WR_REG)
    LCD_WriteRAM_Prepare                     0x08006249   Thumb Code    10  ili93xx.o(i.LCD_WriteRAM_Prepare)
    LCD_WriteReg                             0x0800625d   Thumb Code    14  ili93xx.o(i.LCD_WriteReg)
    LED_Init                                 0x08006271   Thumb Code    48  led.o(i.LED_Init)
    MY_NVIC_Init                             0x080062b1   Thumb Code   116  sys.o(i.MY_NVIC_Init)
    MY_NVIC_PriorityGroupConfig              0x08006329   Thumb Code    32  sys.o(i.MY_NVIC_PriorityGroupConfig)
    MY_NVIC_SetVectorTable                   0x08006351   Thumb Code    12  sys.o(i.MY_NVIC_SetVectorTable)
    OTG_FS_IRQHandler                        0x08006381   Thumb Code    10  usbd_usr.o(i.OTG_FS_IRQHandler)
    Stm32_Clock_Init                         0x08006399   Thumb Code    90  sys.o(i.Stm32_Clock_Init)
    Sys_Clock_Set                            0x08006401   Thumb Code   254  sys.o(i.Sys_Clock_Set)
    TIM4_IRQHandler                          0x0800650d   Thumb Code    50  usmart.o(i.TIM4_IRQHandler)
    Timer4_Init                              0x08006549   Thumb Code    72  usmart.o(i.Timer4_Init)
    USART1_IRQHandler                        0x08006599   Thumb Code   116  usart.o(i.USART1_IRQHandler)
    USBD_ClrCfg                              0x08006619   Thumb Code    22  usbd_core.o(i.USBD_ClrCfg)
    USBD_CtlContinueRx                       0x08006677   Thumb Code    30  usbd_ioreq.o(i.USBD_CtlContinueRx)
    USBD_CtlContinueSendData                 0x08006695   Thumb Code    30  usbd_ioreq.o(i.USBD_CtlContinueSendData)
    USBD_CtlError                            0x080066b3   Thumb Code    30  usbd_req.o(i.USBD_CtlError)
    USBD_CtlPrepareRx                        0x080066d1   Thumb Code    46  usbd_ioreq.o(i.USBD_CtlPrepareRx)
    USBD_CtlReceiveStatus                    0x080066ff   Thumb Code    36  usbd_ioreq.o(i.USBD_CtlReceiveStatus)
    USBD_CtlSendData                         0x08006723   Thumb Code    46  usbd_ioreq.o(i.USBD_CtlSendData)
    USBD_CtlSendStatus                       0x08006751   Thumb Code    36  usbd_ioreq.o(i.USBD_CtlSendStatus)
    USBD_DeInit                              0x080068db   Thumb Code     6  usbd_core.o(i.USBD_DeInit)
    USBD_GetString                           0x08006abd   Thumb Code    82  usbd_req.o(i.USBD_GetString)
    USBD_Init                                0x08006b0f   Thumb Code    66  usbd_core.o(i.USBD_Init)
    USBD_OTG_ISR_Handler                     0x08006b75   Thumb Code   224  usb_dcd_int.o(i.USBD_OTG_ISR_Handler)
    USBD_ParseSetupRequest                   0x08006c55   Thumb Code    72  usbd_req.o(i.USBD_ParseSetupRequest)
    USBD_SetCfg                              0x08006d77   Thumb Code    30  usbd_core.o(i.USBD_SetCfg)
    USBD_StdDevReq                           0x08006f5d   Thumb Code   114  usbd_req.o(i.USBD_StdDevReq)
    USBD_StdEPReq                            0x08006fd1   Thumb Code   344  usbd_req.o(i.USBD_StdEPReq)
    USBD_StdItfReq                           0x0800712d   Thumb Code    76  usbd_req.o(i.USBD_StdItfReq)
    USBD_USR_ConfigStrDescriptor             0x08007199   Thumb Code    34  usbd_desc.o(i.USBD_USR_ConfigStrDescriptor)
    USBD_USR_DeviceConfigured                0x080071d1   Thumb Code    16  usbd_usr.o(i.USBD_USR_DeviceConfigured)
    USBD_USR_DeviceConnected                 0x08007201   Thumb Code    10  usbd_usr.o(i.USBD_USR_DeviceConnected)
    USBD_USR_DeviceDescriptor                0x08007225   Thumb Code    10  usbd_desc.o(i.USBD_USR_DeviceDescriptor)
    USBD_USR_DeviceDisconnected              0x08007235   Thumb Code    10  usbd_usr.o(i.USBD_USR_DeviceDisconnected)
    USBD_USR_DeviceReset                     0x0800725d   Thumb Code    40  usbd_usr.o(i.USBD_USR_DeviceReset)
    USBD_USR_DeviceResumed                   0x080072f1   Thumb Code    10  usbd_usr.o(i.USBD_USR_DeviceResumed)
    USBD_USR_DeviceSuspended                 0x08007311   Thumb Code    16  usbd_usr.o(i.USBD_USR_DeviceSuspended)
    USBD_USR_Init                            0x08007341   Thumb Code     2  usbd_usr.o(i.USBD_USR_Init)
    USBD_USR_InterfaceStrDescriptor          0x08007345   Thumb Code    34  usbd_desc.o(i.USBD_USR_InterfaceStrDescriptor)
    USBD_USR_LangIDStrDescriptor             0x0800737d   Thumb Code    10  usbd_desc.o(i.USBD_USR_LangIDStrDescriptor)
    USBD_USR_ManufacturerStrDescriptor       0x0800738d   Thumb Code    20  usbd_desc.o(i.USBD_USR_ManufacturerStrDescriptor)
    USBD_USR_ProductStrDescriptor            0x080073b9   Thumb Code    34  usbd_desc.o(i.USBD_USR_ProductStrDescriptor)
    USBD_USR_SerialStrDescriptor             0x08007401   Thumb Code    34  usbd_desc.o(i.USBD_USR_SerialStrDescriptor)
    USB_OTG_BSP_EnableInterrupt              0x08007459   Thumb Code    18  usb_bsp.o(i.USB_OTG_BSP_EnableInterrupt)
    USB_OTG_BSP_Init                         0x0800746d   Thumb Code    96  usb_bsp.o(i.USB_OTG_BSP_Init)
    USB_OTG_BSP_mDelay                       0x080074d9   Thumb Code    12  usb_bsp.o(i.USB_OTG_BSP_mDelay)
    USB_OTG_BSP_uDelay                       0x080074e5   Thumb Code    12  usb_bsp.o(i.USB_OTG_BSP_uDelay)
    USB_OTG_CoreInit                         0x080074f1   Thumb Code   294  usb_core.o(i.USB_OTG_CoreInit)
    USB_OTG_CoreInitDev                      0x08007617   Thumb Code   522  usb_core.o(i.USB_OTG_CoreInitDev)
    USB_OTG_DisableGlobalInt                 0x08007891   Thumb Code    34  usb_core.o(i.USB_OTG_DisableGlobalInt)
    USB_OTG_EP0Activate                      0x080078b3   Thumb Code   106  usb_core.o(i.USB_OTG_EP0Activate)
    USB_OTG_EP0StartXfer                     0x0800791d   Thumb Code   342  usb_core.o(i.USB_OTG_EP0StartXfer)
    USB_OTG_EP0_OutStart                     0x08007a73   Thumb Code    98  usb_core.o(i.USB_OTG_EP0_OutStart)
    USB_OTG_EPActivate                       0x08007ad5   Thumb Code   152  usb_core.o(i.USB_OTG_EPActivate)
    USB_OTG_EPClearStall                     0x08007b6d   Thumb Code    80  usb_core.o(i.USB_OTG_EPClearStall)
    USB_OTG_EPDeactivate                     0x08007bbd   Thumb Code    94  usb_core.o(i.USB_OTG_EPDeactivate)
    USB_OTG_EPSetStall                       0x08007c1b   Thumb Code   100  usb_core.o(i.USB_OTG_EPSetStall)
    USB_OTG_EPStartXfer                      0x08007c7f   Thumb Code   502  usb_core.o(i.USB_OTG_EPStartXfer)
    USB_OTG_EnableDevInt                     0x08007ea9   Thumb Code   154  usb_core.o(i.USB_OTG_EnableDevInt)
    USB_OTG_EnableGlobalInt                  0x08007f43   Thumb Code    34  usb_core.o(i.USB_OTG_EnableGlobalInt)
    USB_OTG_FlushRxFifo                      0x08007f65   Thumb Code    70  usb_core.o(i.USB_OTG_FlushRxFifo)
    USB_OTG_FlushTxFifo                      0x08007fb1   Thumb Code    80  usb_core.o(i.USB_OTG_FlushTxFifo)
    USB_OTG_GetDeviceSpeed                   0x08008005   Thumb Code    52  usb_core.o(i.USB_OTG_GetDeviceSpeed)
    USB_OTG_GetMode                          0x08008039   Thumb Code    12  usb_core.o(i.USB_OTG_GetMode)
    USB_OTG_InitDevSpeed                     0x08008045   Thumb Code    24  usb_core.o(i.USB_OTG_InitDevSpeed)
    USB_OTG_IsDeviceMode                     0x0800805d   Thumb Code    22  usb_core.o(i.USB_OTG_IsDeviceMode)
    USB_OTG_ReadCoreItr                      0x08008073   Thumb Code    16  usb_core.o(i.USB_OTG_ReadCoreItr)
    USB_OTG_ReadDevAllInEPItr                0x08008083   Thumb Code    16  usb_core.o(i.USB_OTG_ReadDevAllInEPItr)
    USB_OTG_ReadDevAllOutEp_itr              0x08008093   Thumb Code    16  usb_core.o(i.USB_OTG_ReadDevAllOutEp_itr)
    USB_OTG_ReadDevOutEP_itr                 0x080080a3   Thumb Code    20  usb_core.o(i.USB_OTG_ReadDevOutEP_itr)
    USB_OTG_ReadPacket                       0x080080b7   Thumb Code    40  usb_core.o(i.USB_OTG_ReadPacket)
    USB_OTG_SelectCore                       0x080080e1   Thumb Code   204  usb_core.o(i.USB_OTG_SelectCore)
    USB_OTG_SetCurrentMode                   0x080081b1   Thumb Code    78  usb_core.o(i.USB_OTG_SetCurrentMode)
    USB_OTG_WritePacket                      0x080081ff   Thumb Code    64  usb_core.o(i.USB_OTG_WritePacket)
    WM8978_3D_Set                            0x08008261   Thumb Code    18  wm8978.o(i.WM8978_3D_Set)
    WM8978_ADDA_Cfg                          0x08008273   Thumb Code    64  wm8978.o(i.WM8978_ADDA_Cfg)
    WM8978_AUX_Gain                          0x080082b3   Thumb Code    54  wm8978.o(i.WM8978_AUX_Gain)
    WM8978_EQ1_Set                           0x080082e9   Thumb Code    50  wm8978.o(i.WM8978_EQ1_Set)
    WM8978_EQ2_Set                           0x0800831b   Thumb Code    40  wm8978.o(i.WM8978_EQ2_Set)
    WM8978_EQ3_Set                           0x08008343   Thumb Code    40  wm8978.o(i.WM8978_EQ3_Set)
    WM8978_EQ4_Set                           0x0800836b   Thumb Code    40  wm8978.o(i.WM8978_EQ4_Set)
    WM8978_EQ5_Set                           0x08008393   Thumb Code    40  wm8978.o(i.WM8978_EQ5_Set)
    WM8978_EQ_3D_Dir                         0x080083bb   Thumb Code    34  wm8978.o(i.WM8978_EQ_3D_Dir)
    WM8978_HPvol_Set                         0x080083dd   Thumb Code    46  wm8978.o(i.WM8978_HPvol_Set)
    WM8978_Init                              0x0800840d   Thumb Code   224  wm8978.o(i.WM8978_Init)
    WM8978_Input_Cfg                         0x080084f9   Thumb Code   102  wm8978.o(i.WM8978_Input_Cfg)
    WM8978_LINEIN_Gain                       0x0800855f   Thumb Code    54  wm8978.o(i.WM8978_LINEIN_Gain)
    WM8978_MIC_Gain                          0x08008595   Thumb Code    28  wm8978.o(i.WM8978_MIC_Gain)
    WM8978_Output_Cfg                        0x080085b1   Thumb Code    42  wm8978.o(i.WM8978_Output_Cfg)
    WM8978_Read_Reg                          0x080085dd   Thumb Code    10  wm8978.o(i.WM8978_Read_Reg)
    WM8978_SPKvol_Set                        0x080085ed   Thumb Code    34  wm8978.o(i.WM8978_SPKvol_Set)
    WM8978_Write_Reg                         0x08008611   Thumb Code    80  wm8978.o(i.WM8978_Write_Reg)
    _is_digit                                0x08008665   Thumb Code    14  __printf_wp.o(i._is_digit)
    _sys_exit                                0x08008673   Thumb Code     6  usart.o(i._sys_exit)
    audio_i2s_dma_callback                   0x08008679   Thumb Code   202  stm324xg_usb_audio_codec.o(i.audio_i2s_dma_callback)
    audio_i2s_dma_rx_callback                0x08008761   Thumb Code    64  stm324xg_usb_audio_codec.o(i.audio_i2s_dma_rx_callback)
    delay_init                               0x080087ad   Thumb Code    56  delay.o(i.delay_init)
    delay_ms                                 0x080087ed   Thumb Code    56  delay.o(i.delay_ms)
    delay_us                                 0x08008825   Thumb Code    62  delay.o(i.delay_us)
    delay_xms                                0x08008869   Thumb Code    56  delay.o(i.delay_xms)
    fputc                                    0x080088a5   Thumb Code    22  usart.o(i.fputc)
    main                                     0x080088c1   Thumb Code   510  test.o(i.main)
    my_mem_free                              0x08008b85   Thumb Code    96  malloc.o(i.my_mem_free)
    my_mem_init                              0x08008bf1   Thumb Code    54  malloc.o(i.my_mem_init)
    my_mem_malloc                            0x08008c35   Thumb Code   156  malloc.o(i.my_mem_malloc)
    my_mem_perused                           0x08008cdd   Thumb Code    54  malloc.o(i.my_mem_perused)
    myfree                                   0x08008d1d   Thumb Code    30  malloc.o(i.myfree)
    mymalloc                                 0x08008d41   Thumb Code    34  malloc.o(i.mymalloc)
    mymemset                                 0x08008d69   Thumb Code    20  malloc.o(i.mymemset)
    read_addr                                0x08008d7d   Thumb Code     6  usmart.o(i.read_addr)
    uart_init                                0x08008d85   Thumb Code   240  usart.o(i.uart_init)
    usmart_cmd_rec                           0x080090ed   Thumb Code   170  usmart.o(i.usmart_cmd_rec)
    usmart_exe                               0x0800919d   Thumb Code   632  usmart.o(i.usmart_exe)
    usmart_get_aparm                         0x08009471   Thumb Code   212  usmart_str.o(i.usmart_get_aparm)
    usmart_get_cmdname                       0x08009545   Thumb Code    54  usmart_str.o(i.usmart_get_cmdname)
    usmart_get_fname                         0x0800957d   Thumb Code   440  usmart_str.o(i.usmart_get_fname)
    usmart_get_fparam                        0x0800973d   Thumb Code   262  usmart_str.o(i.usmart_get_fparam)
    usmart_get_parmpos                       0x08009849   Thumb Code    26  usmart_str.o(i.usmart_get_parmpos)
    usmart_get_runtime                       0x08009869   Thumb Code    56  usmart.o(i.usmart_get_runtime)
    usmart_init                              0x080098a9   Thumb Code    36  usmart.o(i.usmart_init)
    usmart_pow                               0x080098d1   Thumb Code    22  usmart_str.o(i.usmart_pow)
    usmart_reset_runtime                     0x080098e9   Thumb Code    38  usmart.o(i.usmart_reset_runtime)
    usmart_scan                              0x08009919   Thumb Code   120  usmart.o(i.usmart_scan)
    usmart_search_nextc                      0x080099d5   Thumb Code    22  usmart_str.o(i.usmart_search_nextc)
    usmart_str2num                           0x080099eb   Thumb Code   262  usmart_str.o(i.usmart_str2num)
    usmart_strcmp                            0x08009af1   Thumb Code    34  usmart_str.o(i.usmart_strcmp)
    usmart_strcopy                           0x08009b13   Thumb Code    22  usmart_str.o(i.usmart_strcopy)
    usmart_strlen                            0x08009b29   Thumb Code    24  usmart_str.o(i.usmart_strlen)
    usmart_sys_cmd_exe                       0x08009b41   Thumb Code  1570  usmart.o(i.usmart_sys_cmd_exe)
    write_addr                               0x0800a235   Thumb Code     4  usmart.o(i.write_addr)
    __aeabi_d2uiz                            0x0800a239   Thumb Code     0  dfixu.o(x$fpl$dfixu)
    _dfixu                                   0x0800a239   Thumb Code    90  dfixu.o(x$fpl$dfixu)
    __aeabi_ui2d                             0x0800a293   Thumb Code     0  dflt_clz.o(x$fpl$dfltu)
    _dfltu                                   0x0800a293   Thumb Code    38  dflt_clz.o(x$fpl$dfltu)
    __aeabi_dmul                             0x0800a2b9   Thumb Code     0  dmul.o(x$fpl$dmul)
    _dmul                                    0x0800a2b9   Thumb Code   332  dmul.o(x$fpl$dmul)
    __fpl_dnaninf                            0x0800a40d   Thumb Code   156  dnaninf.o(x$fpl$dnaninf)
    __fpl_dretinf                            0x0800a4a9   Thumb Code    12  dretinf.o(x$fpl$dretinf)
    _fp_init                                 0x0800a4b5   Thumb Code    10  fpinit.o(x$fpl$fpinit)
    __fplib_config_fpu_vfp                   0x0800a4bd   Thumb Code     0  fpinit.o(x$fpl$fpinit)
    __fplib_config_pureend_doubles           0x0800a4bd   Thumb Code     0  fpinit.o(x$fpl$fpinit)
    __I$use$fp                               0x0800a4be   Number         0  usenofp.o(x$fpl$usenofp)
    asc2_1206                                0x0800a4be   Data        1140  ili93xx.o(.constdata)
    asc2_1608                                0x0800a932   Data        1520  ili93xx.o(.constdata)
    asc2_2412                                0x0800af22   Data        3420  ili93xx.o(.constdata)
    I2S_PSC_TBL                              0x0800bc7e   Data         110  i2s.o(.constdata)
    memtblsize                               0x0800bcec   Data          12  malloc.o(.constdata)
    memblksize                               0x0800bcf8   Data          12  malloc.o(.constdata)
    memsize                                  0x0800bd04   Data          12  malloc.o(.constdata)
    Region$$Table$$Base                      0x0800bf44   Number         0  anon$$obj.o(Region$$Table)
    Region$$Table$$Limit                     0x0800bf64   Number         0  anon$$obj.o(Region$$Table)
    mem3base                                 0x10000000   Data       61440  malloc.o(.ARM.__AT_0x10000000)
    mem3mapbase                              0x1000f000   Data        3840  malloc.o(.ARM.__AT_0x1000F000)
    __stdout                                 0x20000004   Data           4  usart.o(.data)
    USART_RX_STA                             0x20000008   Data           2  usart.o(.data)
    POINT_COLOR                              0x2000000a   Data           2  ili93xx.o(.data)
    BACK_COLOR                               0x2000000c   Data           2  ili93xx.o(.data)
    i2s_tx_callback                          0x20000010   Data           4  i2s.o(.data)
    i2s_rx_callback                          0x20000014   Data           4  i2s.o(.data)
    mallco_dev                               0x2000008c   Data          36  malloc.o(.data)
    sys_cmd_tab                              0x200000b0   Data          28  usmart.o(.data)
    usmart_nametab                           0x200000cc   Data         104  usmart_config.o(.data)
    usmart_dev                               0x20000134   Data         244  usmart_config.o(.data)
    SET_TEST_MODE                            0x20000228   Data           4  usbd_core.o(.data)
    USBD_DCD_INT_cb                          0x2000022c   Data          44  usbd_core.o(.data)
    USBD_DCD_INT_fops                        0x20000258   Data           4  usbd_core.o(.data)
    USBD_ep_status                           0x2000025c   Data           4  usbd_req.o(.data)
    USBD_default_cfg                         0x20000260   Data           4  usbd_req.o(.data)
    USBD_cfg_status                          0x20000264   Data           4  usbd_req.o(.data)
    IsocOutWrPtr                             0x2000026c   Data           4  usbd_audio_core.o(.data)
    IsocOutRdPtr                             0x20000270   Data           4  usbd_audio_core.o(.data)
    AudioCtlCmd                              0x20000274   Data           1  usbd_audio_core.o(.data)
    AudioCtlLen                              0x20000278   Data           4  usbd_audio_core.o(.data)
    AudioCtlUnit                             0x2000027c   Data           1  usbd_audio_core.o(.data)
    AUDIO_cb                                 0x20000288   Data          44  usbd_audio_core.o(.data)
    AUDIO_OUT_fops                           0x20000324   Data          28  usbd_audio_out_if.o(.data)
    USR_desc                                 0x20000348   Data          28  usbd_desc.o(.data)
    USBD_DeviceDesc                          0x20000364   Data          18  usbd_desc.o(.data)
    USBD_DeviceQualifierDesc                 0x20000376   Data          10  usbd_desc.o(.data)
    USBD_LangIDDesc                          0x20000380   Data           4  usbd_desc.o(.data)
    bDeviceState                             0x20000384   Data           1  usbd_usr.o(.data)
    USR_cb                                   0x20000388   Data          28  usbd_usr.o(.data)
    volume                                   0x200003a4   Data           1  stm324xg_usb_audio_codec.o(.data)
    audiostatus                              0x200003a5   Data           1  stm324xg_usb_audio_codec.o(.data)
    i2splaybuf                               0x200003a6   Data           1  stm324xg_usb_audio_codec.o(.data)
    i2ssavebuf                               0x200003a7   Data           1  stm324xg_usb_audio_codec.o(.data)
    i2srecbuf                                0x200003a8   Data           1  stm324xg_usb_audio_codec.o(.data)
    USB_OTG_dev                              0x200003ac   Data        1524  test.o(.bss)
    USART_RX_BUF                             0x200009a0   Data         200  usart.o(.bss)
    lcddev                                   0x20000a68   Data          14  ili93xx.o(.bss)
    mem1base                                 0x20000a80   Data       112640  malloc.o(.bss)
    mem1mapbase                              0x2001c280   Data        7040  malloc.o(.bss)
    USBD_StrDesc                             0x2001de00   Data         200  usbd_req.o(.bss)
    IsocOutBuff                              0x2001dec8   Data        1536  usbd_audio_core.o(.bss)
    AudioCtl                                 0x2001e4c8   Data          64  usbd_audio_core.o(.bss)
    i2sbuf                                   0x2001e508   Data         400  stm324xg_usb_audio_codec.o(.bss)
    i2sbuf_rec                               0x2001e698   Data         400  stm324xg_usb_audio_codec.o(.bss)
    __libspace_start                         0x2001e828   Data          96  libspace.o(.bss)
    __temporary_stack_top$libspace           0x2001e888   Data           0  libspace.o(.bss)
    mem2base                                 0x68000000   Data       983040  malloc.o(.ARM.__AT_0x68000000)
    mem2mapbase                              0x680f0000   Data       61440  malloc.o(.ARM.__AT_0x680F0000)



==============================================================================

Memory Map of the image

  Image Entry point : 0x08000189

  Load Region LR_IROM1 (Base: 0x08000000, Size: 0x0000c310, Max: 0x00100000, ABSOLUTE, COMPRESSED[0x0000c148])

    Execution Region ER_IROM1 (Base: 0x08000000, Size: 0x0000bf64, Max: 0x00100000, ABSOLUTE)

    Base Addr    Size         Type   Attr      Idx    E Section Name        Object

    0x08000000   0x00000188   Data   RO            3    RESET               startup_stm32f40_41xxx.o
    0x08000188   0x00000008   Code   RO         2247  * !!!main             c_w.l(__main.o)
    0x08000190   0x00000034   Code   RO         2433    !!!scatter          c_w.l(__scatter.o)
    0x080001c4   0x0000005a   Code   RO         2431    !!dczerorl2         c_w.l(__dczerorl2.o)
    0x0800021e   0x00000002   PAD
    0x08000220   0x0000001c   Code   RO         2435    !!handler_zi        c_w.l(__scatter_zi.o)
    0x0800023c   0x00000000   Code   RO         2244    .ARM.Collect$$_printf_percent$$00000000  c_w.l(_printf_percent.o)
    0x0800023c   0x00000006   Code   RO         2242    .ARM.Collect$$_printf_percent$$00000009  c_w.l(_printf_d.o)
    0x08000242   0x00000006   Code   RO         2243    .ARM.Collect$$_printf_percent$$0000000A  c_w.l(_printf_u.o)
    0x08000248   0x00000006   Code   RO         2241    .ARM.Collect$$_printf_percent$$0000000C  c_w.l(_printf_x.o)
    0x0800024e   0x00000006   Code   RO         2239    .ARM.Collect$$_printf_percent$$00000013  c_w.l(_printf_c.o)
    0x08000254   0x00000006   Code   RO         2240    .ARM.Collect$$_printf_percent$$00000014  c_w.l(_printf_s.o)
    0x0800025a   0x00000004   Code   RO         2270    .ARM.Collect$$_printf_percent$$00000017  c_w.l(_printf_percent_end.o)
    0x0800025e   0x00000002   Code   RO         2308    .ARM.Collect$$libinit$$00000000  c_w.l(libinit.o)
    0x08000260   0x00000004   Code   RO         2314    .ARM.Collect$$libinit$$00000001  c_w.l(libinit2.o)
    0x08000264   0x00000000   Code   RO         2318    .ARM.Collect$$libinit$$00000008  c_w.l(libinit2.o)
    0x08000264   0x00000000   Code   RO         2320    .ARM.Collect$$libinit$$0000000A  c_w.l(libinit2.o)
    0x08000264   0x00000000   Code   RO         2322    .ARM.Collect$$libinit$$0000000C  c_w.l(libinit2.o)
    0x08000264   0x00000000   Code   RO         2325    .ARM.Collect$$libinit$$0000000F  c_w.l(libinit2.o)
    0x08000264   0x00000000   Code   RO         2327    .ARM.Collect$$libinit$$00000011  c_w.l(libinit2.o)
    0x08000264   0x00000000   Code   RO         2329    .ARM.Collect$$libinit$$00000013  c_w.l(libinit2.o)
    0x08000264   0x00000000   Code   RO         2331    .ARM.Collect$$libinit$$00000015  c_w.l(libinit2.o)
    0x08000264   0x00000000   Code   RO         2333    .ARM.Collect$$libinit$$00000017  c_w.l(libinit2.o)
    0x08000264   0x00000000   Code   RO         2335    .ARM.Collect$$libinit$$00000019  c_w.l(libinit2.o)
    0x08000264   0x00000000   Code   RO         2337    .ARM.Collect$$libinit$$0000001B  c_w.l(libinit2.o)
    0x08000264   0x00000000   Code   RO         2339    .ARM.Collect$$libinit$$0000001D  c_w.l(libinit2.o)
    0x08000264   0x00000000   Code   RO         2341    .ARM.Collect$$libinit$$0000001F  c_w.l(libinit2.o)
    0x08000264   0x00000000   Code   RO         2343    .ARM.Collect$$libinit$$00000021  c_w.l(libinit2.o)
    0x08000264   0x00000000   Code   RO         2345    .ARM.Collect$$libinit$$00000023  c_w.l(libinit2.o)
    0x08000264   0x00000000   Code   RO         2349    .ARM.Collect$$libinit$$0000002A  c_w.l(libinit2.o)
    0x08000264   0x00000000   Code   RO         2351    .ARM.Collect$$libinit$$0000002C  c_w.l(libinit2.o)
    0x08000264   0x00000000   Code   RO         2353    .ARM.Collect$$libinit$$0000002E  c_w.l(libinit2.o)
    0x08000264   0x00000000   Code   RO         2355    .ARM.Collect$$libinit$$00000030  c_w.l(libinit2.o)
    0x08000264   0x00000002   Code   RO         2356    .ARM.Collect$$libinit$$00000031  c_w.l(libinit2.o)
    0x08000266   0x00000002   Code   RO         2374    .ARM.Collect$$libshutdown$$00000000  c_w.l(libshutdown.o)
    0x08000268   0x00000000   Code   RO         2385    .ARM.Collect$$libshutdown$$00000003  c_w.l(libshutdown2.o)
    0x08000268   0x00000000   Code   RO         2388    .ARM.Collect$$libshutdown$$00000006  c_w.l(libshutdown2.o)
    0x08000268   0x00000000   Code   RO         2391    .ARM.Collect$$libshutdown$$00000009  c_w.l(libshutdown2.o)
    0x08000268   0x00000000   Code   RO         2393    .ARM.Collect$$libshutdown$$0000000B  c_w.l(libshutdown2.o)
    0x08000268   0x00000000   Code   RO         2396    .ARM.Collect$$libshutdown$$0000000E  c_w.l(libshutdown2.o)
    0x08000268   0x00000002   Code   RO         2397    .ARM.Collect$$libshutdown$$0000000F  c_w.l(libshutdown2.o)
    0x0800026a   0x00000000   Code   RO         2263    .ARM.Collect$$rtentry$$00000000  c_w.l(rtentry.o)
    0x0800026a   0x00000000   Code   RO         2277    .ARM.Collect$$rtentry$$00000002  c_w.l(rtentry2.o)
    0x0800026a   0x00000006   Code   RO         2289    .ARM.Collect$$rtentry$$00000004  c_w.l(rtentry4.o)
    0x08000270   0x00000000   Code   RO         2279    .ARM.Collect$$rtentry$$00000009  c_w.l(rtentry2.o)
    0x08000270   0x00000004   Code   RO         2280    .ARM.Collect$$rtentry$$0000000A  c_w.l(rtentry2.o)
    0x08000274   0x00000000   Code   RO         2282    .ARM.Collect$$rtentry$$0000000C  c_w.l(rtentry2.o)
    0x08000274   0x00000008   Code   RO         2283    .ARM.Collect$$rtentry$$0000000D  c_w.l(rtentry2.o)
    0x0800027c   0x00000002   Code   RO         2312    .ARM.Collect$$rtexit$$00000000  c_w.l(rtexit.o)
    0x0800027e   0x00000000   Code   RO         2358    .ARM.Collect$$rtexit$$00000002  c_w.l(rtexit2.o)
    0x0800027e   0x00000004   Code   RO         2359    .ARM.Collect$$rtexit$$00000003  c_w.l(rtexit2.o)
    0x08000282   0x00000006   Code   RO         2360    .ARM.Collect$$rtexit$$00000004  c_w.l(rtexit2.o)
    0x08000288   0x00000044   Code   RO            4    .text               startup_stm32f40_41xxx.o
    0x080002cc   0x00000002   Code   RO         2184    .text               c_w.l(use_no_semi_2.o)
    0x080002ce   0x00000002   PAD
    0x080002d0   0x00000018   Code   RO         2188    .text               c_w.l(noretval__2printf.o)
    0x080002e8   0x0000004e   Code   RO         2192    .text               c_w.l(_printf_pad.o)
    0x08000336   0x00000052   Code   RO         2194    .text               c_w.l(_printf_str.o)
    0x08000388   0x00000074   Code   RO         2196    .text               c_w.l(_printf_dec.o)
    0x080003fc   0x00000058   Code   RO         2201    .text               c_w.l(_printf_hex_int.o)
    0x08000454   0x00000188   Code   RO         2236    .text               c_w.l(__printf_flags_ss_wp.o)
    0x080005dc   0x00000006   Code   RO         2245    .text               c_w.l(heapauxi.o)
    0x080005e2   0x00000002   Code   RO         2261    .text               c_w.l(use_no_semi.o)
    0x080005e4   0x000000b2   Code   RO         2264    .text               c_w.l(_printf_intcommon.o)
    0x08000696   0x0000002c   Code   RO         2266    .text               c_w.l(_printf_char.o)
    0x080006c2   0x00000002   PAD
    0x080006c4   0x00000024   Code   RO         2268    .text               c_w.l(_printf_char_file.o)
    0x080006e8   0x00000030   Code   RO         2291    .text               c_w.l(_printf_char_common.o)
    0x08000718   0x00000008   Code   RO         2293    .text               c_w.l(ferror.o)
    0x08000720   0x0000004a   Code   RO         2297    .text               c_w.l(sys_stackheap_outer.o)
    0x0800076a   0x0000000c   Code   RO         2301    .text               c_w.l(exit.o)
    0x08000776   0x00000002   PAD
    0x08000778   0x00000008   Code   RO         2309    .text               c_w.l(libspace.o)
    0x08000780   0x00000018   Code   RO         1784    i.AUDIO_Req_GetCurrent  usbd_audio_core.o
    0x08000798   0x0000003c   Code   RO         1785    i.AUDIO_Req_SetCurrent  usbd_audio_core.o
    0x080007d4   0x000000e0   Code   RO         1864    i.AudioCmd          usbd_audio_out_if.o
    0x080008b4   0x00000090   Code   RO         2108    i.Audio_MAL_Play    stm324xg_usb_audio_codec.o
    0x08000944   0x0000004a   Code   RO         1442    i.DCD_EP_Close      usb_dcd.o
    0x0800098e   0x00000048   Code   RO         1443    i.DCD_EP_ClrStall   usb_dcd.o
    0x080009d6   0x00000068   Code   RO         1445    i.DCD_EP_Open       usb_dcd.o
    0x08000a3e   0x00000052   Code   RO         1446    i.DCD_EP_PrepareRx  usb_dcd.o
    0x08000a90   0x0000001c   Code   RO         1447    i.DCD_EP_SetAddress  usb_dcd.o
    0x08000aac   0x00000048   Code   RO         1448    i.DCD_EP_Stall      usb_dcd.o
    0x08000af4   0x0000004e   Code   RO         1449    i.DCD_EP_Tx         usb_dcd.o
    0x08000b42   0x00000066   Code   RO         1356    i.DCD_HandleEnumDone_ISR  usb_dcd_int.o
    0x08000ba8   0x00000144   Code   RO         1357    i.DCD_HandleInEP_ISR  usb_dcd_int.o
    0x08000cec   0x00000100   Code   RO         1358    i.DCD_HandleOutEP_ISR  usb_dcd_int.o
    0x08000dec   0x00000068   Code   RO         1359    i.DCD_HandleResume_ISR  usb_dcd_int.o
    0x08000e54   0x000000b0   Code   RO         1360    i.DCD_HandleRxStatusQueueLevel_ISR  usb_dcd_int.o
    0x08000f04   0x0000002c   Code   RO         1361    i.DCD_HandleSof_ISR  usb_dcd_int.o
    0x08000f30   0x000000a8   Code   RO         1362    i.DCD_HandleUSBSuspend_ISR  usb_dcd_int.o
    0x08000fd8   0x00000104   Code   RO         1363    i.DCD_HandleUsbReset_ISR  usb_dcd_int.o
    0x080010dc   0x0000009c   Code   RO         1451    i.DCD_Init          usb_dcd.o
    0x08001178   0x0000002c   Code   RO         1364    i.DCD_IsoINIncomplete_ISR  usb_dcd_int.o
    0x080011a4   0x0000002c   Code   RO         1365    i.DCD_IsoOUTIncomplete_ISR  usb_dcd_int.o
    0x080011d0   0x00000028   Code   RO         1366    i.DCD_ReadDevInEP   usb_dcd_int.o
    0x080011f8   0x00000090   Code   RO         1367    i.DCD_WriteEmptyTxFifo  usb_dcd_int.o
    0x08001288   0x00000028   Code   RO          643    i.DMA1_Stream3_IRQHandler  i2s.o
    0x080012b0   0x00000028   Code   RO          644    i.DMA1_Stream4_IRQHandler  i2s.o
    0x080012d8   0x00000010   Code   RO         1865    i.DeInit            usbd_audio_out_if.o
    0x080012e8   0x00000128   Code   RO         2109    i.EVAL_AUDIO_Init   stm324xg_usb_audio_codec.o
    0x08001410   0x000000a4   Code   RO         2110    i.EVAL_AUDIO_Mute   stm324xg_usb_audio_codec.o
    0x080014b4   0x00000064   Code   RO         2111    i.EVAL_AUDIO_PauseResume  stm324xg_usb_audio_codec.o
    0x08001518   0x00000030   Code   RO         2113    i.EVAL_AUDIO_Stop   stm324xg_usb_audio_codec.o
    0x08001548   0x00000094   Code   RO         2114    i.EVAL_AUDIO_VolumeCtl  stm324xg_usb_audio_codec.o
    0x080015dc   0x00000040   Code   RO          188    i.GPIO_AF_Set       sys.o
    0x0800161c   0x000000de   Code   RO          189    i.GPIO_Set          sys.o
    0x080016fa   0x00000002   PAD
    0x080016fc   0x0000000c   Code   RO         1866    i.GetState          usbd_audio_out_if.o
    0x08001708   0x000000ac   Code   RO          645    i.I2S2_Init         i2s.o
    0x080017b4   0x000000b0   Code   RO          646    i.I2S2_SampleRate_Set  i2s.o
    0x08001864   0x000000e8   Code   RO          647    i.I2S2_TX_DMA_Init  i2s.o
    0x0800194c   0x00000080   Code   RO          648    i.I2S2ext_Init      i2s.o
    0x080019cc   0x000000d8   Code   RO          649    i.I2S2ext_RX_DMA_Init  i2s.o
    0x08001aa4   0x00000014   Code   RO          650    i.I2S_Play_Start    i2s.o
    0x08001ab8   0x00000014   Code   RO          651    i.I2S_Play_Stop     i2s.o
    0x08001acc   0x00000014   Code   RO          652    i.I2S_Rec_Start     i2s.o
    0x08001ae0   0x00000044   Code   RO          579    i.IIC_Init          myiic.o
    0x08001b24   0x00000068   Code   RO          582    i.IIC_Send_Byte     myiic.o
    0x08001b8c   0x0000004c   Code   RO          583    i.IIC_Start         myiic.o
    0x08001bd8   0x0000004c   Code   RO          584    i.IIC_Stop          myiic.o
    0x08001c24   0x00000060   Code   RO          585    i.IIC_Wait_Ack      myiic.o
    0x08001c84   0x0000003c   Code   RO         1867    i.Init              usbd_audio_out_if.o
    0x08001cc0   0x00000050   Code   RO          551    i.KEY_Init          key.o
    0x08001d10   0x000000a4   Code   RO          552    i.KEY_Scan          key.o
    0x08001db4   0x0000006c   Code   RO          334    i.LCD_Clear         ili93xx.o
    0x08001e20   0x000001c0   Code   RO          338    i.LCD_Display_Dir   ili93xx.o
    0x08001fe0   0x00000180   Code   RO          343    i.LCD_Fast_DrawPoint  ili93xx.o
    0x08002160   0x00003934   Code   RO          345    i.LCD_Init          ili93xx.o
    0x08005a94   0x00000016   Code   RO          346    i.LCD_Pow           ili93xx.o
    0x08005aaa   0x00000002   PAD
    0x08005aac   0x00000014   Code   RO          347    i.LCD_RD_DATA       ili93xx.o
    0x08005ac0   0x00000016   Code   RO          349    i.LCD_ReadReg       ili93xx.o
    0x08005ad6   0x00000002   PAD
    0x08005ad8   0x00000060   Code   RO          350    i.LCD_SSD_BackLightSet  ili93xx.o
    0x08005b38   0x000002ec   Code   RO          351    i.LCD_Scan_Dir      ili93xx.o
    0x08005e24   0x000001a8   Code   RO          352    i.LCD_SetCursor     ili93xx.o
    0x08005fcc   0x00000128   Code   RO          354    i.LCD_ShowChar      ili93xx.o
    0x080060f4   0x00000066   Code   RO          356    i.LCD_ShowString    ili93xx.o
    0x0800615a   0x000000be   Code   RO          357    i.LCD_ShowxNum      ili93xx.o
    0x08006218   0x00000018   Code   RO          358    i.LCD_WR_DATA       ili93xx.o
    0x08006230   0x00000018   Code   RO          359    i.LCD_WR_REG        ili93xx.o
    0x08006248   0x00000014   Code   RO          361    i.LCD_WriteRAM_Prepare  ili93xx.o
    0x0800625c   0x00000014   Code   RO          362    i.LCD_WriteReg      ili93xx.o
    0x08006270   0x00000040   Code   RO          313    i.LED_Init          led.o
    0x080062b0   0x00000078   Code   RO          190    i.MY_NVIC_Init      sys.o
    0x08006328   0x00000028   Code   RO          191    i.MY_NVIC_PriorityGroupConfig  sys.o
    0x08006350   0x00000010   Code   RO          192    i.MY_NVIC_SetVectorTable  sys.o
    0x08006360   0x00000020   Code   RO         1868    i.MuteCtl           usbd_audio_out_if.o
    0x08006380   0x00000010   Code   RO         2038    i.OTG_FS_IRQHandler  usbd_usr.o
    0x08006390   0x00000006   Code   RO         1869    i.PeriodicTC        usbd_audio_out_if.o
    0x08006396   0x00000002   PAD
    0x08006398   0x00000068   Code   RO          193    i.Stm32_Clock_Init  sys.o
    0x08006400   0x0000010c   Code   RO          194    i.Sys_Clock_Set     sys.o
    0x0800650c   0x0000003c   Code   RO          940    i.TIM4_IRQHandler   usmart.o
    0x08006548   0x00000050   Code   RO          941    i.Timer4_Init       usmart.o
    0x08006598   0x00000080   Code   RO          264    i.USART1_IRQHandler  usart.o
    0x08006618   0x00000016   Code   RO         1532    i.USBD_ClrCfg       usbd_core.o
    0x0800662e   0x00000048   Code   RO         1685    i.USBD_ClrFeature   usbd_req.o
    0x08006676   0x0000001e   Code   RO         1629    i.USBD_CtlContinueRx  usbd_ioreq.o
    0x08006694   0x0000001e   Code   RO         1630    i.USBD_CtlContinueSendData  usbd_ioreq.o
    0x080066b2   0x0000001e   Code   RO         1686    i.USBD_CtlError     usbd_req.o
    0x080066d0   0x0000002e   Code   RO         1631    i.USBD_CtlPrepareRx  usbd_ioreq.o
    0x080066fe   0x00000024   Code   RO         1632    i.USBD_CtlReceiveStatus  usbd_ioreq.o
    0x08006722   0x0000002e   Code   RO         1633    i.USBD_CtlSendData  usbd_ioreq.o
    0x08006750   0x00000024   Code   RO         1634    i.USBD_CtlSendStatus  usbd_ioreq.o
    0x08006774   0x000000d0   Code   RO         1533    i.USBD_DataInStage  usbd_core.o
    0x08006844   0x00000096   Code   RO         1534    i.USBD_DataOutStage  usbd_core.o
    0x080068da   0x00000006   Code   RO         1535    i.USBD_DeInit       usbd_core.o
    0x080068e0   0x00000054   Code   RO         1687    i.USBD_GetConfig    usbd_req.o
    0x08006934   0x00000122   Code   RO         1688    i.USBD_GetDescriptor  usbd_req.o
    0x08006a56   0x00000014   Code   RO         1689    i.USBD_GetLen       usbd_req.o
    0x08006a6a   0x00000002   PAD
    0x08006a6c   0x00000050   Code   RO         1690    i.USBD_GetStatus    usbd_req.o
    0x08006abc   0x00000052   Code   RO         1691    i.USBD_GetString    usbd_req.o
    0x08006b0e   0x00000042   Code   RO         1536    i.USBD_Init         usbd_core.o
    0x08006b50   0x00000012   Code   RO         1537    i.USBD_IsoINIncomplete  usbd_core.o
    0x08006b62   0x00000012   Code   RO         1538    i.USBD_IsoOUTIncomplete  usbd_core.o
    0x08006b74   0x000000e0   Code   RO         1368    i.USBD_OTG_ISR_Handler  usb_dcd_int.o
    0x08006c54   0x00000048   Code   RO         1692    i.USBD_ParseSetupRequest  usbd_req.o
    0x08006c9c   0x00000032   Code   RO         1539    i.USBD_Reset        usbd_core.o
    0x08006cce   0x0000001e   Code   RO         1540    i.USBD_Resume       usbd_core.o
    0x08006cec   0x00000014   Code   RO         1541    i.USBD_RunTestMode  usbd_core.o
    0x08006d00   0x0000001a   Code   RO         1542    i.USBD_SOF          usbd_core.o
    0x08006d1a   0x0000005c   Code   RO         1693    i.USBD_SetAddress   usbd_req.o
    0x08006d76   0x0000001e   Code   RO         1543    i.USBD_SetCfg       usbd_core.o
    0x08006d94   0x000000d0   Code   RO         1694    i.USBD_SetConfig    usbd_req.o
    0x08006e64   0x000000a4   Code   RO         1695    i.USBD_SetFeature   usbd_req.o
    0x08006f08   0x00000054   Code   RO         1544    i.USBD_SetupStage   usbd_core.o
    0x08006f5c   0x00000072   Code   RO         1696    i.USBD_StdDevReq    usbd_req.o
    0x08006fce   0x00000002   PAD
    0x08006fd0   0x0000015c   Code   RO         1697    i.USBD_StdEPReq     usbd_req.o
    0x0800712c   0x0000004c   Code   RO         1698    i.USBD_StdItfReq    usbd_req.o
    0x08007178   0x00000020   Code   RO         1545    i.USBD_Suspend      usbd_core.o
    0x08007198   0x00000038   Code   RO         1975    i.USBD_USR_ConfigStrDescriptor  usbd_desc.o
    0x080071d0   0x00000030   Code   RO         2039    i.USBD_USR_DeviceConfigured  usbd_usr.o
    0x08007200   0x00000024   Code   RO         2040    i.USBD_USR_DeviceConnected  usbd_usr.o
    0x08007224   0x00000010   Code   RO         1976    i.USBD_USR_DeviceDescriptor  usbd_desc.o
    0x08007234   0x00000028   Code   RO         2041    i.USBD_USR_DeviceDisconnected  usbd_usr.o
    0x0800725c   0x00000094   Code   RO         2042    i.USBD_USR_DeviceReset  usbd_usr.o
    0x080072f0   0x00000020   Code   RO         2043    i.USBD_USR_DeviceResumed  usbd_usr.o
    0x08007310   0x00000030   Code   RO         2044    i.USBD_USR_DeviceSuspended  usbd_usr.o
    0x08007340   0x00000002   Code   RO         2045    i.USBD_USR_Init     usbd_usr.o
    0x08007342   0x00000002   PAD
    0x08007344   0x00000038   Code   RO         1977    i.USBD_USR_InterfaceStrDescriptor  usbd_desc.o
    0x0800737c   0x00000010   Code   RO         1978    i.USBD_USR_LangIDStrDescriptor  usbd_desc.o
    0x0800738c   0x0000002c   Code   RO         1979    i.USBD_USR_ManufacturerStrDescriptor  usbd_desc.o
    0x080073b8   0x00000048   Code   RO         1980    i.USBD_USR_ProductStrDescriptor  usbd_desc.o
    0x08007400   0x00000048   Code   RO         1981    i.USBD_USR_SerialStrDescriptor  usbd_desc.o
    0x08007448   0x00000010   Code   RO         1786    i.USBD_audio_GetCfgDesc  usbd_audio_core.o
    0x08007458   0x00000012   Code   RO         1922    i.USB_OTG_BSP_EnableInterrupt  usb_bsp.o
    0x0800746a   0x00000002   PAD
    0x0800746c   0x0000006c   Code   RO         1923    i.USB_OTG_BSP_Init  usb_bsp.o
    0x080074d8   0x0000000c   Code   RO         1924    i.USB_OTG_BSP_mDelay  usb_bsp.o
    0x080074e4   0x0000000c   Code   RO         1925    i.USB_OTG_BSP_uDelay  usb_bsp.o
    0x080074f0   0x00000126   Code   RO         1126    i.USB_OTG_CoreInit  usb_core.o
    0x08007616   0x0000020a   Code   RO         1127    i.USB_OTG_CoreInitDev  usb_core.o
    0x08007820   0x00000070   Code   RO         1128    i.USB_OTG_CoreReset  usb_core.o
    0x08007890   0x00000022   Code   RO         1129    i.USB_OTG_DisableGlobalInt  usb_core.o
    0x080078b2   0x0000006a   Code   RO         1130    i.USB_OTG_EP0Activate  usb_core.o
    0x0800791c   0x00000156   Code   RO         1131    i.USB_OTG_EP0StartXfer  usb_core.o
    0x08007a72   0x00000062   Code   RO         1132    i.USB_OTG_EP0_OutStart  usb_core.o
    0x08007ad4   0x00000098   Code   RO         1133    i.USB_OTG_EPActivate  usb_core.o
    0x08007b6c   0x00000050   Code   RO         1134    i.USB_OTG_EPClearStall  usb_core.o
    0x08007bbc   0x0000005e   Code   RO         1135    i.USB_OTG_EPDeactivate  usb_core.o
    0x08007c1a   0x00000064   Code   RO         1136    i.USB_OTG_EPSetStall  usb_core.o
    0x08007c7e   0x000001f6   Code   RO         1137    i.USB_OTG_EPStartXfer  usb_core.o
    0x08007e74   0x00000034   Code   RO         1138    i.USB_OTG_EnableCommonInt  usb_core.o
    0x08007ea8   0x0000009a   Code   RO         1139    i.USB_OTG_EnableDevInt  usb_core.o
    0x08007f42   0x00000022   Code   RO         1140    i.USB_OTG_EnableGlobalInt  usb_core.o
    0x08007f64   0x0000004c   Code   RO         1141    i.USB_OTG_FlushRxFifo  usb_core.o
    0x08007fb0   0x00000054   Code   RO         1142    i.USB_OTG_FlushTxFifo  usb_core.o
    0x08008004   0x00000034   Code   RO         1143    i.USB_OTG_GetDeviceSpeed  usb_core.o
    0x08008038   0x0000000c   Code   RO         1145    i.USB_OTG_GetMode   usb_core.o
    0x08008044   0x00000018   Code   RO         1146    i.USB_OTG_InitDevSpeed  usb_core.o
    0x0800805c   0x00000016   Code   RO         1147    i.USB_OTG_IsDeviceMode  usb_core.o
    0x08008072   0x00000010   Code   RO         1149    i.USB_OTG_ReadCoreItr  usb_core.o
    0x08008082   0x00000010   Code   RO         1150    i.USB_OTG_ReadDevAllInEPItr  usb_core.o
    0x08008092   0x00000010   Code   RO         1151    i.USB_OTG_ReadDevAllOutEp_itr  usb_core.o
    0x080080a2   0x00000014   Code   RO         1152    i.USB_OTG_ReadDevOutEP_itr  usb_core.o
    0x080080b6   0x00000028   Code   RO         1154    i.USB_OTG_ReadPacket  usb_core.o
    0x080080de   0x00000002   PAD
    0x080080e0   0x000000d0   Code   RO         1155    i.USB_OTG_SelectCore  usb_core.o
    0x080081b0   0x0000004e   Code   RO         1156    i.USB_OTG_SetCurrentMode  usb_core.o
    0x080081fe   0x00000040   Code   RO         1160    i.USB_OTG_WritePacket  usb_core.o
    0x0800823e   0x00000002   PAD
    0x08008240   0x00000020   Code   RO         1870    i.VolumeCtl         usbd_audio_out_if.o
    0x08008260   0x00000012   Code   RO          730    i.WM8978_3D_Set     wm8978.o
    0x08008272   0x00000040   Code   RO          731    i.WM8978_ADDA_Cfg   wm8978.o
    0x080082b2   0x00000036   Code   RO          732    i.WM8978_AUX_Gain   wm8978.o
    0x080082e8   0x00000032   Code   RO          733    i.WM8978_EQ1_Set    wm8978.o
    0x0800831a   0x00000028   Code   RO          734    i.WM8978_EQ2_Set    wm8978.o
    0x08008342   0x00000028   Code   RO          735    i.WM8978_EQ3_Set    wm8978.o
    0x0800836a   0x00000028   Code   RO          736    i.WM8978_EQ4_Set    wm8978.o
    0x08008392   0x00000028   Code   RO          737    i.WM8978_EQ5_Set    wm8978.o
    0x080083ba   0x00000022   Code   RO          738    i.WM8978_EQ_3D_Dir  wm8978.o
    0x080083dc   0x0000002e   Code   RO          739    i.WM8978_HPvol_Set  wm8978.o
    0x0800840a   0x00000002   PAD
    0x0800840c   0x000000ec   Code   RO          741    i.WM8978_Init       wm8978.o
    0x080084f8   0x00000066   Code   RO          742    i.WM8978_Input_Cfg  wm8978.o
    0x0800855e   0x00000036   Code   RO          743    i.WM8978_LINEIN_Gain  wm8978.o
    0x08008594   0x0000001c   Code   RO          744    i.WM8978_MIC_Gain   wm8978.o
    0x080085b0   0x0000002a   Code   RO          745    i.WM8978_Output_Cfg  wm8978.o
    0x080085da   0x00000002   PAD
    0x080085dc   0x00000010   Code   RO          746    i.WM8978_Read_Reg   wm8978.o
    0x080085ec   0x00000022   Code   RO          747    i.WM8978_SPKvol_Set  wm8978.o
    0x0800860e   0x00000002   PAD
    0x08008610   0x00000054   Code   RO          748    i.WM8978_Write_Reg  wm8978.o
    0x08008664   0x0000000e   Code   RO         2229    i._is_digit         c_w.l(__printf_wp.o)
    0x08008672   0x00000006   Code   RO          265    i._sys_exit         usart.o
    0x08008678   0x000000e8   Code   RO         2115    i.audio_i2s_dma_callback  stm324xg_usb_audio_codec.o
    0x08008760   0x0000004c   Code   RO         2116    i.audio_i2s_dma_rx_callback  stm324xg_usb_audio_codec.o
    0x080087ac   0x00000040   Code   RO          146    i.delay_init        delay.o
    0x080087ec   0x00000038   Code   RO          147    i.delay_ms          delay.o
    0x08008824   0x00000044   Code   RO          148    i.delay_us          delay.o
    0x08008868   0x0000003c   Code   RO          149    i.delay_xms         delay.o
    0x080088a4   0x0000001c   Code   RO          266    i.fputc             usart.o
    0x080088c0   0x000002c4   Code   RO           12    i.main              test.o
    0x08008b84   0x0000006c   Code   RO          860    i.my_mem_free       malloc.o
    0x08008bf0   0x00000044   Code   RO          861    i.my_mem_init       malloc.o
    0x08008c34   0x000000a8   Code   RO          862    i.my_mem_malloc     malloc.o
    0x08008cdc   0x00000040   Code   RO          863    i.my_mem_perused    malloc.o
    0x08008d1c   0x00000024   Code   RO          864    i.myfree            malloc.o
    0x08008d40   0x00000028   Code   RO          865    i.mymalloc          malloc.o
    0x08008d68   0x00000014   Code   RO          867    i.mymemset          malloc.o
    0x08008d7c   0x00000006   Code   RO          942    i.read_addr         usmart.o
    0x08008d82   0x00000002   PAD
    0x08008d84   0x00000100   Code   RO          267    i.uart_init         usart.o
    0x08008e84   0x00000006   Code   RO         1787    i.usbd_audio_DataIn  usbd_audio_core.o
    0x08008e8a   0x00000002   PAD
    0x08008e8c   0x00000084   Code   RO         1788    i.usbd_audio_DataOut  usbd_audio_core.o
    0x08008f10   0x00000024   Code   RO         1789    i.usbd_audio_DeInit  usbd_audio_core.o
    0x08008f34   0x00000040   Code   RO         1790    i.usbd_audio_EP0_RxReady  usbd_audio_core.o
    0x08008f74   0x00000040   Code   RO         1791    i.usbd_audio_Init   usbd_audio_core.o
    0x08008fb4   0x00000006   Code   RO         1792    i.usbd_audio_OUT_Incplt  usbd_audio_core.o
    0x08008fba   0x00000002   PAD
    0x08008fbc   0x0000007c   Code   RO         1793    i.usbd_audio_SOF    usbd_audio_core.o
    0x08009038   0x000000b4   Code   RO         1794    i.usbd_audio_Setup  usbd_audio_core.o
    0x080090ec   0x000000b0   Code   RO          943    i.usmart_cmd_rec    usmart.o
    0x0800919c   0x000002d4   Code   RO          944    i.usmart_exe        usmart.o
    0x08009470   0x000000d4   Code   RO         1045    i.usmart_get_aparm  usmart_str.o
    0x08009544   0x00000036   Code   RO         1046    i.usmart_get_cmdname  usmart_str.o
    0x0800957a   0x00000002   PAD
    0x0800957c   0x000001c0   Code   RO         1047    i.usmart_get_fname  usmart_str.o
    0x0800973c   0x0000010c   Code   RO         1048    i.usmart_get_fparam  usmart_str.o
    0x08009848   0x00000020   Code   RO         1049    i.usmart_get_parmpos  usmart_str.o
    0x08009868   0x00000040   Code   RO          945    i.usmart_get_runtime  usmart.o
    0x080098a8   0x00000028   Code   RO          946    i.usmart_init       usmart.o
    0x080098d0   0x00000016   Code   RO         1050    i.usmart_pow        usmart_str.o
    0x080098e6   0x00000002   PAD
    0x080098e8   0x00000030   Code   RO          947    i.usmart_reset_runtime  usmart.o
    0x08009918   0x000000bc   Code   RO          948    i.usmart_scan       usmart.o
    0x080099d4   0x00000016   Code   RO         1051    i.usmart_search_nextc  usmart_str.o
    0x080099ea   0x00000106   Code   RO         1052    i.usmart_str2num    usmart_str.o
    0x08009af0   0x00000022   Code   RO         1053    i.usmart_strcmp     usmart_str.o
    0x08009b12   0x00000016   Code   RO         1054    i.usmart_strcopy    usmart_str.o
    0x08009b28   0x00000018   Code   RO         1055    i.usmart_strlen     usmart_str.o
    0x08009b40   0x000006f4   Code   RO          949    i.usmart_sys_cmd_exe  usmart.o
    0x0800a234   0x00000004   Code   RO          950    i.write_addr        usmart.o
    0x0800a238   0x0000005a   Code   RO         2249    x$fpl$dfixu         fz_wm.l(dfixu.o)
    0x0800a292   0x00000026   Code   RO         2253    x$fpl$dfltu         fz_wm.l(dflt_clz.o)
    0x0800a2b8   0x00000154   Code   RO         2259    x$fpl$dmul          fz_wm.l(dmul.o)
    0x0800a40c   0x0000009c   Code   RO         2271    x$fpl$dnaninf       fz_wm.l(dnaninf.o)
    0x0800a4a8   0x0000000c   Code   RO         2273    x$fpl$dretinf       fz_wm.l(dretinf.o)
    0x0800a4b4   0x0000000a   Code   RO         2366    x$fpl$fpinit        fz_wm.l(fpinit.o)
    0x0800a4be   0x00000000   Code   RO         2275    x$fpl$usenofp       fz_wm.l(usenofp.o)
    0x0800a4be   0x000017c0   Data   RO          365    .constdata          ili93xx.o
    0x0800bc7e   0x0000006e   Data   RO          654    .constdata          i2s.o
    0x0800bcec   0x00000024   Data   RO          874    .constdata          malloc.o
    0x0800bd10   0x00000028   Data   RO         2202    .constdata          c_w.l(_printf_hex_int.o)
    0x0800bd38   0x00000011   Data   RO         2237    .constdata          c_w.l(__printf_flags_ss_wp.o)
    0x0800bd49   0x00000003   PAD
    0x0800bd4c   0x00000028   Data   RO          951    .conststring        usmart.o
    0x0800bd74   0x000001d0   Data   RO         1024    .conststring        usmart_config.o
    0x0800bf44   0x00000020   Data   RO         2429    Region$$Table       anon$$obj.o


    Execution Region RW_IRAM1 (Base: 0x20000000, Size: 0x0001ec88, Max: 0x00020000, ABSOLUTE, COMPRESSED[0x000001e4])

    Base Addr    Size         Type   Attr      Idx    E Section Name        Object

    0x20000000   0x00000004   Data   RW          150    .data               delay.o
    0x20000004   0x00000006   Data   RW          269    .data               usart.o
    0x2000000a   0x00000004   Data   RW          366    .data               ili93xx.o
    0x2000000e   0x00000001   Data   RW          553    .data               key.o
    0x2000000f   0x00000001   PAD
    0x20000010   0x00000008   Data   RW          655    .data               i2s.o
    0x20000018   0x00000074   Data   RW          749    .data               wm8978.o
    0x2000008c   0x00000024   Data   RW          875    .data               malloc.o
    0x200000b0   0x0000001c   Data   RW          952    .data               usmart.o
    0x200000cc   0x0000015c   Data   RW         1025    .data               usmart_config.o
    0x20000228   0x00000034   Data   RW         1546    .data               usbd_core.o
    0x2000025c   0x0000000d   Data   RW         1700    .data               usbd_req.o
    0x20000269   0x00000003   PAD
    0x2000026c   0x000000b5   Data   RW         1796    .data               usbd_audio_core.o
    0x20000321   0x00000003   PAD
    0x20000324   0x00000024   Data   RW         1871    .data               usbd_audio_out_if.o
    0x20000348   0x0000003c   Data   RW         1982    .data               usbd_desc.o
    0x20000384   0x00000020   Data   RW         2046    .data               usbd_usr.o
    0x200003a4   0x00000005   Data   RW         2118    .data               stm324xg_usb_audio_codec.o
    0x200003a9   0x00000003   PAD
    0x200003ac   0x000005f4   Zero   RW           13    .bss                test.o
    0x200009a0   0x000000c8   Zero   RW          268    .bss                usart.o
    0x20000a68   0x0000000e   Zero   RW          364    .bss                ili93xx.o
    0x20000a76   0x0000000a   PAD
    0x20000a80   0x0001d380   Zero   RW          873    .bss                malloc.o
    0x2001de00   0x000000c8   Zero   RW         1699    .bss                usbd_req.o
    0x2001dec8   0x00000640   Zero   RW         1795    .bss                usbd_audio_core.o
    0x2001e508   0x00000320   Zero   RW         2117    .bss                stm324xg_usb_audio_codec.o
    0x2001e828   0x00000060   Zero   RW         2310    .bss                c_w.l(libspace.o)
    0x2001e888   0x00000000   Zero   RW            2    HEAP                startup_stm32f40_41xxx.o
    0x2001e888   0x00000400   Zero   RW            1    STACK               startup_stm32f40_41xxx.o



  Load Region LR$$.ARM.__AT_0x10000000 (Base: 0x10000000, Size: 0x00000000, Max: 0x0000f000, ABSOLUTE)

    Execution Region ER$$.ARM.__AT_0x10000000 (Base: 0x10000000, Size: 0x0000f000, Max: 0x0000f000, ABSOLUTE, UNINIT)

    Base Addr    Size         Type   Attr      Idx    E Section Name        Object

    0x10000000   0x0000f000   Zero   RW          869    .ARM.__AT_0x10000000  malloc.o



  Load Region LR$$.ARM.__AT_0x1000F000 (Base: 0x1000f000, Size: 0x00000000, Max: 0x00000f00, ABSOLUTE)

    Execution Region ER$$.ARM.__AT_0x1000F000 (Base: 0x1000f000, Size: 0x00000f00, Max: 0x00000f00, ABSOLUTE, UNINIT)

    Base Addr    Size         Type   Attr      Idx    E Section Name        Object

    0x1000f000   0x00000f00   Zero   RW          870    .ARM.__AT_0x1000F000  malloc.o



  Load Region LR$$.ARM.__AT_0x68000000 (Base: 0x68000000, Size: 0x00000000, Max: 0x000f0000, ABSOLUTE)

    Execution Region ER$$.ARM.__AT_0x68000000 (Base: 0x68000000, Size: 0x000f0000, Max: 0x000f0000, ABSOLUTE, UNINIT)

    Base Addr    Size         Type   Attr      Idx    E Section Name        Object

    0x68000000   0x000f0000   Zero   RW          871    .ARM.__AT_0x68000000  malloc.o



  Load Region LR$$.ARM.__AT_0x680F0000 (Base: 0x680f0000, Size: 0x00000000, Max: 0x0000f000, ABSOLUTE)

    Execution Region ER$$.ARM.__AT_0x680F0000 (Base: 0x680f0000, Size: 0x0000f000, Max: 0x0000f000, ABSOLUTE, UNINIT)

    Base Addr    Size         Type   Attr      Idx    E Section Name        Object

    0x680f0000   0x0000f000   Zero   RW          872    .ARM.__AT_0x680F0000  malloc.o


==============================================================================

Image component sizes


      Code (inc. data)   RO Data    RW Data    ZI Data      Debug   Object Name

       248         18          0          4          0       2471   delay.o
      1064         84        110          8          0       6597   i2s.o
     17592        208       6080          4         14      22220   ili93xx.o
       244         28          0          1          0       1194   key.o
        64         16          0          0          0        491   led.o
       504         60         36         36    1229440       6406   malloc.o
       420         72          0          0          0       2797   myiic.o
        68         24        392          0       1024        864   startup_stm32f40_41xxx.o
      1208        210          0          5        800       8043   stm324xg_usb_audio_codec.o
       834         44          0          0          0       4990   sys.o
       708        198          0          0       1524     254608   test.o
       418         34          0          6        200       4280   usart.o
       150         12          0          0          0       2639   usb_bsp.o
      3404         18          0          0          0      21696   usb_core.o
       666          0          0          0          0       6020   usb_dcd.o
      1930         50          0          0          0       9707   usb_dcd_int.o
       712        114          0        181       1600       8503   usbd_audio_core.o
       382         36          0         36          0       5313   usbd_audio_out_if.o
       760          6          0         52          0      10736   usbd_core.o
       332        156          0         60          0       5800   usbd_desc.o
       224          0          0          0          0       4596   usbd_ioreq.o
      1732         54          0         13        200      10779   usbd_req.o
       370        256          0         32          0       4406   usbd_usr.o
      3170       1350         40         28          0       7782   usmart.o
         0          0        464        348          0       1520   usmart_config.o
      1400         20          0          0          0       8845   usmart_str.o
      1022         22          0        116          0      11668   wm8978.o

    ----------------------------------------------------------------------
     39662       3090       7154        940    1234812     434971   Object Totals
         0          0         32          0          0          0   (incl. Generated)
        36          0          0         10         10          0   (incl. Padding)

    ----------------------------------------------------------------------

      Code (inc. data)   RO Data    RW Data    ZI Data      Debug   Library Member Name

        90          0          0          0          0          0   __dczerorl2.o
         8          0          0          0          0         68   __main.o
       392          4         17          0          0         92   __printf_flags_ss_wp.o
        14          0          0          0          0         68   __printf_wp.o
        52          8          0          0          0          0   __scatter.o
        28          0          0          0          0          0   __scatter_zi.o
         6          0          0          0          0          0   _printf_c.o
        44          0          0          0          0        108   _printf_char.o
        48          6          0          0          0         96   _printf_char_common.o
        36          4          0          0          0         80   _printf_char_file.o
         6          0          0          0          0          0   _printf_d.o
       116         16          0          0          0         92   _printf_dec.o
        88          4         40          0          0         88   _printf_hex_int.o
       178          0          0          0          0         88   _printf_intcommon.o
        78          0          0          0          0        108   _printf_pad.o
         0          0          0          0          0          0   _printf_percent.o
         4          0          0          0          0          0   _printf_percent_end.o
         6          0          0          0          0          0   _printf_s.o
        82          0          0          0          0         80   _printf_str.o
         6          0          0          0          0          0   _printf_u.o
         6          0          0          0          0          0   _printf_x.o
        12          0          0          0          0         72   exit.o
         8          0          0          0          0         68   ferror.o
         6          0          0          0          0        152   heapauxi.o
         2          0          0          0          0          0   libinit.o
         6          0          0          0          0          0   libinit2.o
         2          0          0          0          0          0   libshutdown.o
         2          0          0          0          0          0   libshutdown2.o
         8          4          0          0         96         68   libspace.o
        24          4          0          0          0         84   noretval__2printf.o
         0          0          0          0          0          0   rtentry.o
        12          0          0          0          0          0   rtentry2.o
         6          0          0          0          0          0   rtentry4.o
         2          0          0          0          0          0   rtexit.o
        10          0          0          0          0          0   rtexit2.o
        74          0          0          0          0         80   sys_stackheap_outer.o
         2          0          0          0          0         68   use_no_semi.o
         2          0          0          0          0         68   use_no_semi_2.o
        90          4          0          0          0        140   dfixu.o
        38          0          0          0          0        116   dflt_clz.o
       340         12          0          0          0        152   dmul.o
       156          4          0          0          0        140   dnaninf.o
        12          0          0          0          0        116   dretinf.o
        10          0          0          0          0        116   fpinit.o
         0          0          0          0          0          0   usenofp.o

    ----------------------------------------------------------------------
      2120         70         60          0         96       2408   Library Totals
         8          0          3          0          0          0   (incl. Padding)

    ----------------------------------------------------------------------

      Code (inc. data)   RO Data    RW Data    ZI Data      Debug   Library Name

      1466         50         57          0         96       1628   c_w.l
       646         20          0          0          0        780   fz_wm.l

    ----------------------------------------------------------------------
      2120         70         60          0         96       2408   Library Totals

    ----------------------------------------------------------------------

==============================================================================


      Code (inc. data)   RO Data    RW Data    ZI Data      Debug   

     41782       3160       7214        940    1234908     414099   Grand Totals
     41782       3160       7214        484    1234908     414099   ELF Image Totals (compressed)
     41782       3160       7214        484          0          0   ROM Totals

==============================================================================

    Total RO  Size (Code + RO Data)                48996 (  47.85kB)
    Total RW  Size (RW Data + ZI Data)           1235848 (1206.88kB)
    Total ROM Size (Code + RO Data + RW Data)      49480 (  48.32kB)

==============================================================================

